../Core/Src/main.c:70:5:__io_putchar	16	static
../Core/Src/main.c:87:5:main	8	static
../Core/Src/main.c:145:6:SystemClock_Config	88	static
../Core/Src/main.c:187:13:MX_TIM2_Init	32	static
../Core/Src/main.c:232:13:MX_TIM3_Init	32	static
../Core/Src/main.c:277:13:MX_USART1_UART_Init	8	static
../Core/Src/main.c:310:13:MX_GPIO_Init	40	static
../Core/Src/main.c:347:6:buttons_init	4	static
../Core/Src/main.c:352:6:drive_column	4	static
../Core/Src/main.c:358:9:read_rows	4	static
../Core/Src/main.c:362:6:HAL_TIM_PeriodElapsedCallback	24	static
../Core/Src/main.c:381:6:Error_Handler	4	static,ignoring_inline_asm
