../Core/Src/main.c:74:5:__io_putchar	16	static
../Core/Src/main.c:126:5:bufsize	24	static
../Core/Src/main.c:133:6:bufclear	16	static
../Core/Src/main.c:251:5:displayImage	160	dynamic
../Core/Src/main.c:331:5:main	1184	static
../Core/Src/main.c:451:6:SystemClock_Config	88	static
../Core/Src/main.c:498:13:MX_SPI2_Init	8	static
../Core/Src/main.c:536:13:MX_SPI3_Init	8	static
../Core/Src/main.c:574:13:MX_USART1_UART_Init	8	static
../Core/Src/main.c:607:13:MX_USART2_UART_Init	8	static
../Core/Src/main.c:640:13:MX_GPIO_Init	48	static
../Core/Src/main.c:713:6:Error_Handler	4	static,ignoring_inline_asm
