../Core/Src/main.c:72:5:__io_putchar	16	static
../Core/Src/main.c:124:5:bufsize	24	static
../Core/Src/main.c:131:6:bufclear	16	static
../Core/Src/main.c:139:5:displayImage	152	dynamic
../Core/Src/main.c:255:5:main	1184	static
../Core/Src/main.c:374:6:SystemClock_Config	88	static
../Core/Src/main.c:421:13:MX_SPI2_Init	8	static
../Core/Src/main.c:459:13:MX_SPI3_Init	8	static
../Core/Src/main.c:497:13:MX_USART2_UART_Init	8	static
../Core/Src/main.c:530:13:MX_GPIO_Init	48	static
../Core/Src/main.c:603:6:Error_Handler	4	static,ignoring_inline_asm
