../Core/Src/main.c:79:5:__io_putchar	16	static
../Core/Src/main.c:96:5:main	8	static
../Core/Src/main.c:151:6:SystemClock_Config	88	static
../Core/Src/main.c:197:13:MX_TIM2_Init	32	static
../Core/Src/main.c:242:13:MX_TIM3_Init	32	static
../Core/Src/main.c:287:13:MX_USART1_UART_Init	8	static
../Core/Src/main.c:320:13:MX_USART2_UART_Init	8	static
../Core/Src/main.c:353:13:MX_GPIO_Init	40	static
../Core/Src/main.c:381:6:drive_column	4	static
../Core/Src/main.c:387:9:read_rows	4	static
../Core/Src/main.c:391:6:clean_buffer_bt	4	static
../Core/Src/main.c:397:6:HAL_TIM_PeriodElapsedCallback	24	static
../Core/Src/main.c:418:6:Error_Handler	4	static,ignoring_inline_asm
