../Core/Src/main.c:80:5:main	8	static
../Core/Src/main.c:131:6:SystemClock_Config	88	static
../Core/Src/main.c:177:13:MX_I2C3_Init	8	static
../Core/Src/main.c:211:13:MX_SPI2_Init	8	static
../Core/Src/main.c:249:13:MX_SPI3_Init	8	static
../Core/Src/main.c:287:13:MX_TIM2_Init	32	static
../Core/Src/main.c:332:13:MX_TIM3_Init	32	static
../Core/Src/main.c:377:13:MX_USART2_UART_Init	8	static
../Core/Src/main.c:410:13:MX_GPIO_Init	48	static
../Core/Src/main.c:494:6:Error_Handler	4	static,ignoring_inline_asm
