../Core/Src/main.c:175:5:__io_putchar	16	static
../Core/Src/main.c:187:5:displayImage	160	dynamic
../Core/Src/main.c:262:19:BQ27441_i2cWriteBytes	32	static
../Core/Src/main.c:266:19:BQ27441_i2cReadBytes	32	static
../Core/Src/main.c:270:10:BQ27441_readWord	24	static
../Core/Src/main.c:276:10:BQ27441_soc	24	static
../Core/Src/main.c:290:10:BQ27441_voltage	8	static
../Core/Src/main.c:294:9:BQ27441_power	8	static
../Core/Src/main.c:298:10:BQ27441_deviceType	16	static
../Core/Src/main.c:316:6:BQ27441_init	16	static
../Core/Src/main.c:329:6:Bat_init	16	static
../Core/Src/main.c:338:6:updateBat	8	static
../Core/Src/main.c:358:5:main	32	static
../Core/Src/main.c:495:6:SystemClock_Config	88	static
../Core/Src/main.c:541:13:MX_I2C3_Init	8	static
../Core/Src/main.c:575:13:MX_SPI2_Init	8	static
../Core/Src/main.c:613:13:MX_SPI3_Init	8	static
../Core/Src/main.c:651:13:MX_TIM2_Init	32	static
../Core/Src/main.c:696:13:MX_TIM3_Init	32	static
../Core/Src/main.c:741:13:MX_USART2_UART_Init	8	static
../Core/Src/main.c:774:13:MX_GPIO_Init	48	static
../Core/Src/main.c:875:6:dispBat	24	static
../Core/Src/main.c:894:6:buttons_init	4	static
../Core/Src/main.c:899:6:drive_column	4	static
../Core/Src/main.c:905:9:read_rows	4	static
../Core/Src/main.c:909:6:clean_buffer	8	static
../Core/Src/main.c:929:6:HAL_TIM_PeriodElapsedCallback	32	static
../Core/Src/main.c:945:6:HAL_GPIO_EXTI_Callback	16	static
../Core/Src/main.c:960:6:Error_Handler	4	static,ignoring_inline_asm
