../Core/Src/main.c:164:5:__io_putchar	16	static
../Core/Src/main.c:176:5:displayImage	160	dynamic
../Core/Src/main.c:256:5:main	24	static
../Core/Src/main.c:368:6:SystemClock_Config	88	static
../Core/Src/main.c:414:13:MX_SPI2_Init	8	static
../Core/Src/main.c:452:13:MX_SPI3_Init	8	static
../Core/Src/main.c:490:13:MX_TIM2_Init	32	static
../Core/Src/main.c:535:13:MX_TIM3_Init	32	static
../Core/Src/main.c:580:13:MX_USART2_UART_Init	8	static
../Core/Src/main.c:613:13:MX_GPIO_Init	48	static
../Core/Src/main.c:701:6:dispBat	24	static
../Core/Src/main.c:719:6:buttons_init	4	static
../Core/Src/main.c:724:6:drive_column	4	static
../Core/Src/main.c:730:9:read_rows	4	static
../Core/Src/main.c:734:6:clean_buffer	4	static
../Core/Src/main.c:754:6:HAL_TIM_PeriodElapsedCallback	32	static
../Core/Src/main.c:775:6:Error_Handler	4	static,ignoring_inline_asm
