15:11:18 **** Incremental Build of configuration Debug for project blutoot_testing ****
make -j16 all 
arm-none-eabi-gcc "../Core/Src/main.c" -mcpu=cortex-m0 -std=gnu11 -g3 -DDEBUG -DUSE_HAL_DRIVER -DSTM32F042x6 -c -I../Core/Inc -I../Drivers/STM32F0xx_HAL_Driver/Inc -I../Drivers/STM32F0xx_HAL_Driver/Inc/Legacy -I../Drivers/CMSIS/Device/ST/STM32F0xx/Include -I../Drivers/CMSIS/Include -O0 -ffunction-sections -fdata-sections -Wall -fstack-usage -MMD -MP -MF"Core/Src/main.d" -MT"Core/Src/main.o" --specs=nano.specs -mfloat-abi=soft -mthumb -o "Core/Src/main.o"
arm-none-eabi-gcc -o "blutoot_testing.elf" @"objects.list"   -mcpu=cortex-m0 -T"C:\Users\ragha.000\OneDrive\Desktop\Purdue\Spring 2024\ECE 47700\Code\blutoot_testing\STM32F042K6TX_FLASH.ld" --specs=nosys.specs -Wl,-Map="blutoot_testing.map" -Wl,--gc-sections -static --specs=nano.specs -mfloat-abi=soft -mthumb -Wl,--start-group -lc -lm -Wl,--end-group
Finished building target: blutoot_testing.elf
 
arm-none-eabi-size   blutoot_testing.elf 
arm-none-eabi-objdump -h -S  blutoot_testing.elf  > "blutoot_testing.list"
   text	   data	    bss	    dec	    hex	filename
   8400	     36	   1844	  10280	   2828	blutoot_testing.elf
Finished building: default.size.stdout
 
Finished building: blutoot_testing.list
 

15:11:19 Build Finished. 0 errors, 0 warnings. (took 933ms)

