20:06:07 **** Incremental Build of configuration Debug for project blutoot_f4 ****
make -j16 all 
arm-none-eabi-gcc "../Core/Src/main.c" -mcpu=cortex-m4 -std=gnu11 -g3 -DDEBUG -DUSE_HAL_DRIVER -DSTM32F411xE -c -I../Core/Inc -I../Drivers/STM32F4xx_HAL_Driver/Inc -I../Drivers/STM32F4xx_HAL_Driver/Inc/Legacy -I../Drivers/CMSIS/Device/ST/STM32F4xx/Include -I../Drivers/CMSIS/Include -O0 -ffunction-sections -fdata-sections -Wall -fstack-usage -MMD -MP -MF"Core/Src/main.d" -MT"Core/Src/main.o" --specs=nano.specs -mfpu=fpv4-sp-d16 -mfloat-abi=hard -mthumb -o "Core/Src/main.o"
arm-none-eabi-gcc -o "blutoot_f4.elf" @"objects.list"   -mcpu=cortex-m4 -T"C:\Users\ragha.000\OneDrive\Desktop\Purdue\Spring 2024\ECE 47700\Code\blutoot_f4\STM32F411RETX_FLASH.ld" --specs=nosys.specs -Wl,-Map="blutoot_f4.map" -Wl,--gc-sections -static --specs=nano.specs -mfpu=fpv4-sp-d16 -mfloat-abi=hard -mthumb -Wl,--start-group -lc -lm -Wl,--end-group
Finished building target: blutoot_f4.elf
 
arm-none-eabi-size   blutoot_f4.elf 
arm-none-eabi-objdump -h -S  blutoot_f4.elf  > "blutoot_f4.list"
   text	   data	    bss	    dec	    hex	filename
   8304	     28	   1636	   9968	   26f0	blutoot_f4.elf
Finished building: default.size.stdout
 
Finished building: blutoot_f4.list
 

20:06:08 Build Finished. 0 errors, 0 warnings. (took 675ms)

