17:52:13 **** Incremental Build of configuration Debug for project esp_bluetoot_f4 ****
make -j16 all 
arm-none-eabi-gcc "../Core/Src/main.c" -mcpu=cortex-m4 -std=gnu11 -g3 -DDEBUG -DUSE_HAL_DRIVER -DSTM32F411xE -c -I../Core/Inc -I../Drivers/STM32F4xx_HAL_Driver/Inc -I../Drivers/STM32F4xx_HAL_Driver/Inc/Legacy -I../Drivers/CMSIS/Device/ST/STM32F4xx/Include -I../Drivers/CMSIS/Include -O0 -ffunction-sections -fdata-sections -Wall -fstack-usage -MMD -MP -MF"Core/Src/main.d" -MT"Core/Src/main.o" --specs=nano.specs -mfpu=fpv4-sp-d16 -mfloat-abi=hard -mthumb -o "Core/Src/main.o"
arm-none-eabi-gcc -o "esp_bluetoot_f4.elf" @"objects.list"   -mcpu=cortex-m4 -T"C:\Users\ragha.000\OneDrive\Desktop\Purdue\Spring 2024\ECE 47700\Code\esp_bluetoot_f4\STM32F411RETX_FLASH.ld" --specs=nosys.specs -Wl,-Map="esp_bluetoot_f4.map" -Wl,--gc-sections -static --specs=nano.specs -mfpu=fpv4-sp-d16 -mfloat-abi=hard -mthumb -Wl,--start-group -lc -lm -Wl,--end-group
Finished building target: esp_bluetoot_f4.elf
 
arm-none-eabi-size   esp_bluetoot_f4.elf 
arm-none-eabi-objdump -h -S  esp_bluetoot_f4.elf  > "esp_bluetoot_f4.list"
   text	   data	    bss	    dec	    hex	filename
  16560	    124	   1884	  18568	   4888	esp_bluetoot_f4.elf
Finished building: default.size.stdout
 
Finished building: esp_bluetoot_f4.list
 

17:52:14 Build Finished. 0 errors, 0 warnings. (took 1s.58ms)

