19:33:14 **** Incremental Build of configuration Debug for project SD_testing ****
make -j16 all 
arm-none-eabi-gcc "../Core/Src/stm32f4xx_it.c" -mcpu=cortex-m4 -std=gnu11 -g3 -DDEBUG -DUSE_HAL_DRIVER -DSTM32F411xE -c -I../Core/Inc -I../Drivers/STM32F4xx_HAL_Driver/Inc -I../Drivers/STM32F4xx_HAL_Driver/Inc/Legacy -I../Drivers/CMSIS/Device/ST/STM32F4xx/Include -I../Drivers/CMSIS/Include -I../FATFS/Target -I../FATFS/App -I../Middlewares/Third_Party/FatFs/src -O0 -ffunction-sections -fdata-sections -Wall -fstack-usage -MMD -MP -MF"Core/Src/stm32f4xx_it.d" -MT"Core/Src/stm32f4xx_it.o" --specs=nano.specs -mfpu=fpv4-sp-d16 -mfloat-abi=hard -mthumb -o "Core/Src/stm32f4xx_it.o"
arm-none-eabi-gcc -o "SD_testing.elf" @"objects.list"   -mcpu=cortex-m4 -T"C:\Users\ragha.000\OneDrive\Desktop\Purdue\Spring 2024\ECE 47700\Code\SD_testing\STM32F411RETX_FLASH.ld" --specs=nosys.specs -Wl,-Map="SD_testing.map" -Wl,--gc-sections -static --specs=nano.specs -mfpu=fpv4-sp-d16 -mfloat-abi=hard -mthumb -Wl,--start-group -lc -lm -Wl,--end-group
Finished building target: SD_testing.elf
 
arm-none-eabi-size   SD_testing.elf 
arm-none-eabi-objdump -h -S  SD_testing.elf  > "SD_testing.list"
   text	   data	    bss	    dec	    hex	filename
  29540	    144	   1816	  31500	   7b0c	SD_testing.elf
Finished building: default.size.stdout
 
Finished building: SD_testing.list
 
19:33:18 **** Incremental Build of configuration Debug for project SD_testing ****
make -j16 all 
arm-none-eabi-size   SD_testing.elf 
   text	   data	    bss	    dec	    hex	filename
  29540	    144	   1816	  31500	   7b0c	SD_testing.elf
Finished building: default.size.stdout
 
19:34:47 **** Incremental Build of configuration Debug for project SD_testing ****
make -j16 all 
arm-none-eabi-size   SD_testing.elf 
   text	   data	    bss	    dec	    hex	filename
  29540	    144	   1816	  31500	   7b0c	SD_testing.elf
Finished building: default.size.stdout
 
19:39:33 **** Incremental Build of configuration Debug for project SD_testing ****
make -j16 all 
arm-none-eabi-gcc "../Core/Src/stm32f4xx_hal_msp.c" -mcpu=cortex-m4 -std=gnu11 -g3 -DDEBUG -DUSE_HAL_DRIVER -DSTM32F411xE -c -I../Core/Inc -I../Drivers/STM32F4xx_HAL_Driver/Inc -I../Drivers/STM32F4xx_HAL_Driver/Inc/Legacy -I../Drivers/CMSIS/Device/ST/STM32F4xx/Include -I../Drivers/CMSIS/Include -I../FATFS/Target -I../FATFS/App -I../Middlewares/Third_Party/FatFs/src -O0 -ffunction-sections -fdata-sections -Wall -fstack-usage -MMD -MP -MF"Core/Src/stm32f4xx_hal_msp.d" -MT"Core/Src/stm32f4xx_hal_msp.o" --specs=nano.specs -mfpu=fpv4-sp-d16 -mfloat-abi=hard -mthumb -o "Core/Src/stm32f4xx_hal_msp.o"
arm-none-eabi-gcc -o "SD_testing.elf" @"objects.list"   -mcpu=cortex-m4 -T"C:\Users\ragha.000\OneDrive\Desktop\Purdue\Spring 2024\ECE 47700\Code\SD_testing\STM32F411RETX_FLASH.ld" --specs=nosys.specs -Wl,-Map="SD_testing.map" -Wl,--gc-sections -static --specs=nano.specs -mfpu=fpv4-sp-d16 -mfloat-abi=hard -mthumb -Wl,--start-group -lc -lm -Wl,--end-group
Finished building target: SD_testing.elf
 
arm-none-eabi-size   SD_testing.elf 
arm-none-eabi-objdump -h -S  SD_testing.elf  > "SD_testing.list"
   text	   data	    bss	    dec	    hex	filename
  29576	    144	   1816	  31536	   7b30	SD_testing.elf
Finished building: default.size.stdout
 
Finished building: SD_testing.list
 
19:42:17 **** Incremental Build of configuration Debug for project SD_testing ****
make -j16 all 
arm-none-eabi-size   SD_testing.elf 
   text	   data	    bss	    dec	    hex	filename
  29576	    144	   1816	  31536	   7b30	SD_testing.elf
Finished building: default.size.stdout
 
19:42:42 **** Incremental Build of configuration Debug for project SD_testing ****
make -j16 all 
arm-none-eabi-size   SD_testing.elf 
   text	   data	    bss	    dec	    hex	filename
  29576	    144	   1816	  31536	   7b30	SD_testing.elf
Finished building: default.size.stdout
 
19:48:37 **** Incremental Build of configuration Debug for project SD_testing ****
make -j16 all 
arm-none-eabi-size   SD_testing.elf 
   text	   data	    bss	    dec	    hex	filename
  29576	    144	   1816	  31536	   7b30	SD_testing.elf
Finished building: default.size.stdout
 
19:49:03 **** Incremental Build of configuration Debug for project SD_testing ****
make -j16 all 
arm-none-eabi-size   SD_testing.elf 
   text	   data	    bss	    dec	    hex	filename
  29576	    144	   1816	  31536	   7b30	SD_testing.elf
Finished building: default.size.stdout
 
19:51:03 **** Incremental Build of configuration Debug for project SD_testing ****
make -j16 all 
arm-none-eabi-size   SD_testing.elf 
   text	   data	    bss	    dec	    hex	filename
  29576	    144	   1816	  31536	   7b30	SD_testing.elf
Finished building: default.size.stdout
 
19:51:23 **** Incremental Build of configuration Debug for project SD_testing ****
make -j16 all 
arm-none-eabi-size   SD_testing.elf 
   text	   data	    bss	    dec	    hex	filename
  29576	    144	   1816	  31536	   7b30	SD_testing.elf
Finished building: default.size.stdout
 
19:51:42 **** Incremental Build of configuration Debug for project SD_testing ****
make -j16 all 
arm-none-eabi-size   SD_testing.elf 
   text	   data	    bss	    dec	    hex	filename
  29576	    144	   1816	  31536	   7b30	SD_testing.elf
Finished building: default.size.stdout
 
19:51:59 **** Incremental Build of configuration Debug for project SD_testing ****
make -j16 all 
arm-none-eabi-size   SD_testing.elf 
   text	   data	    bss	    dec	    hex	filename
  29576	    144	   1816	  31536	   7b30	SD_testing.elf
Finished building: default.size.stdout
 
19:52:14 **** Incremental Build of configuration Debug for project SD_testing ****
make -j16 all 
arm-none-eabi-size   SD_testing.elf 
   text	   data	    bss	    dec	    hex	filename
  29576	    144	   1816	  31536	   7b30	SD_testing.elf
Finished building: default.size.stdout
 
19:52:31 **** Incremental Build of configuration Debug for project SD_testing ****
make -j16 all 
arm-none-eabi-size   SD_testing.elf 
   text	   data	    bss	    dec	    hex	filename
  29576	    144	   1816	  31536	   7b30	SD_testing.elf
Finished building: default.size.stdout
 
19:53:19 **** Incremental Build of configuration Debug for project SD_testing ****
make -j16 all 
arm-none-eabi-size   SD_testing.elf 
   text	   data	    bss	    dec	    hex	filename
  29576	    144	   1816	  31536	   7b30	SD_testing.elf
Finished building: default.size.stdout
 
19:53:36 **** Incremental Build of configuration Debug for project SD_testing ****
make -j16 all 
arm-none-eabi-size   SD_testing.elf 
   text	   data	    bss	    dec	    hex	filename
  29576	    144	   1816	  31536	   7b30	SD_testing.elf
Finished building: default.size.stdout
 
19:54:28 **** Incremental Build of configuration Debug for project SD_testing ****
make -j16 all 
arm-none-eabi-size   SD_testing.elf 
   text	   data	    bss	    dec	    hex	filename
  29576	    144	   1816	  31536	   7b30	SD_testing.elf
Finished building: default.size.stdout
 
19:54:49 **** Incremental Build of configuration Debug for project SD_testing ****
make -j16 all 
arm-none-eabi-size   SD_testing.elf 
   text	   data	    bss	    dec	    hex	filename
  29576	    144	   1816	  31536	   7b30	SD_testing.elf
Finished building: default.size.stdout
 
19:55:08 **** Incremental Build of configuration Debug for project SD_testing ****
make -j16 all 
arm-none-eabi-size   SD_testing.elf 
   text	   data	    bss	    dec	    hex	filename
  29576	    144	   1816	  31536	   7b30	SD_testing.elf
Finished building: default.size.stdout
 
19:55:27 **** Incremental Build of configuration Debug for project SD_testing ****
make -j16 all 
arm-none-eabi-size   SD_testing.elf 
   text	   data	    bss	    dec	    hex	filename
  29576	    144	   1816	  31536	   7b30	SD_testing.elf
Finished building: default.size.stdout
 
19:55:57 **** Incremental Build of configuration Debug for project SD_testing ****
make -j16 all 
arm-none-eabi-size   SD_testing.elf 
   text	   data	    bss	    dec	    hex	filename
  29576	    144	   1816	  31536	   7b30	SD_testing.elf
Finished building: default.size.stdout
 
19:56:22 **** Incremental Build of configuration Debug for project SD_testing ****
make -j16 all 
arm-none-eabi-size   SD_testing.elf 
   text	   data	    bss	    dec	    hex	filename
  29576	    144	   1816	  31536	   7b30	SD_testing.elf
Finished building: default.size.stdout
 
19:56:46 **** Incremental Build of configuration Debug for project SD_testing ****
make -j16 all 
arm-none-eabi-size   SD_testing.elf 
   text	   data	    bss	    dec	    hex	filename
  29576	    144	   1816	  31536	   7b30	SD_testing.elf
Finished building: default.size.stdout
 
19:57:06 **** Incremental Build of configuration Debug for project SD_testing ****
make -j16 all 
arm-none-eabi-size   SD_testing.elf 
   text	   data	    bss	    dec	    hex	filename
  29576	    144	   1816	  31536	   7b30	SD_testing.elf
Finished building: default.size.stdout
 
19:58:13 **** Incremental Build of configuration Debug for project SD_testing ****
make -j16 all 
arm-none-eabi-size   SD_testing.elf 
   text	   data	    bss	    dec	    hex	filename
  29576	    144	   1816	  31536	   7b30	SD_testing.elf
Finished building: default.size.stdout
 
19:58:39 **** Incremental Build of configuration Debug for project SD_testing ****
make -j16 all 
arm-none-eabi-size   SD_testing.elf 
   text	   data	    bss	    dec	    hex	filename
  29576	    144	   1816	  31536	   7b30	SD_testing.elf
Finished building: default.size.stdout
 
19:59:06 **** Incremental Build of configuration Debug for project SD_testing ****
make -j16 all 
arm-none-eabi-size   SD_testing.elf 
   text	   data	    bss	    dec	    hex	filename
  29576	    144	   1816	  31536	   7b30	SD_testing.elf
Finished building: default.size.stdout
 
19:59:22 **** Incremental Build of configuration Debug for project SD_testing ****
make -j16 all 
arm-none-eabi-size   SD_testing.elf 
   text	   data	    bss	    dec	    hex	filename
  29576	    144	   1816	  31536	   7b30	SD_testing.elf
Finished building: default.size.stdout
 
19:59:38 **** Incremental Build of configuration Debug for project SD_testing ****
make -j16 all 
arm-none-eabi-size   SD_testing.elf 
   text	   data	    bss	    dec	    hex	filename
  29576	    144	   1816	  31536	   7b30	SD_testing.elf
Finished building: default.size.stdout
 
19:59:52 **** Incremental Build of configuration Debug for project SD_testing ****
make -j16 all 
arm-none-eabi-size   SD_testing.elf 
   text	   data	    bss	    dec	    hex	filename
  29576	    144	   1816	  31536	   7b30	SD_testing.elf
Finished building: default.size.stdout
 
20:02:28 **** Incremental Build of configuration Debug for project SD_testing ****
make -j16 all 
arm-none-eabi-size   SD_testing.elf 
   text	   data	    bss	    dec	    hex	filename
  29576	    144	   1816	  31536	   7b30	SD_testing.elf
Finished building: default.size.stdout
 
20:02:49 **** Incremental Build of configuration Debug for project SD_testing ****
make -j16 all 
arm-none-eabi-size   SD_testing.elf 
   text	   data	    bss	    dec	    hex	filename
  29576	    144	   1816	  31536	   7b30	SD_testing.elf
Finished building: default.size.stdout
 
20:03:35 **** Incremental Build of configuration Debug for project SD_testing ****
make -j16 all 
arm-none-eabi-size   SD_testing.elf 
   text	   data	    bss	    dec	    hex	filename
  29576	    144	   1816	  31536	   7b30	SD_testing.elf
Finished building: default.size.stdout
 
20:06:38 **** Incremental Build of configuration Debug for project SD_testing ****
make -j16 all 
arm-none-eabi-size   SD_testing.elf 
   text	   data	    bss	    dec	    hex	filename
  29576	    144	   1816	  31536	   7b30	SD_testing.elf
Finished building: default.size.stdout
 
20:07:05 **** Incremental Build of configuration Debug for project SD_testing ****
make -j16 all 
arm-none-eabi-size   SD_testing.elf 
   text	   data	    bss	    dec	    hex	filename
  29576	    144	   1816	  31536	   7b30	SD_testing.elf
Finished building: default.size.stdout
 
12:46:16 **** Build of configuration Debug for project hid_f4 ****
make -j16 all 
arm-none-eabi-size   hid_f4.elf 
   text	   data	    bss	    dec	    hex	filename
  29476	    252	   4284	  34012	   84dc	hid_f4.elf
Finished building: default.size.stdout
 
