18:56:18 **** Incremental Build of configuration Debug for project SD_LCD_integration ****
make -j16 all 
arm-none-eabi-gcc "../Core/Src/main.c" -mcpu=cortex-m4 -std=gnu11 -g3 -DDEBUG -DUSE_HAL_DRIVER -DSTM32F411xE -c -I../Core/Inc -I../Drivers/STM32F4xx_HAL_Driver/Inc -I../Drivers/STM32F4xx_HAL_Driver/Inc/Legacy -I../Drivers/CMSIS/Device/ST/STM32F4xx/Include -I../Drivers/CMSIS/Include -I../FATFS/Target -I../FATFS/App -I../Middlewares/Third_Party/FatFs/src -O0 -ffunction-sections -fdata-sections -Wall -fstack-usage -MMD -MP -MF"Core/Src/main.d" -MT"Core/Src/main.o" --specs=nano.specs -mfpu=fpv4-sp-d16 -mfloat-abi=hard -mthumb -o "Core/Src/main.o"
../Core/Src/main.c: In function 'displayImage':
../Core/Src/main.c:186:28: warning: format '%ld' expects argument of type 'long int', but argument 2 has type 'int' [-Wformat=]
  186 |  printf("Bits per pixel: %ld\r\n", imageBitsPerPixel);
      |                          ~~^       ~~~~~~~~~~~~~~~~~
      |                            |       |
      |                            |       int
      |                            long int
      |                          %d
../Core/Src/main.c:190:49: warning: format '%d' expects argument of type 'int', but argument 4 has type 'uint32_t' {aka 'long unsigned int'} [-Wformat=]
  190 |     snprintf(buff, sizeof(buff), "Compression: %d\r\n ", imageCompression);
      |                                                ~^        ~~~~~~~~~~~~~~~~
      |                                                 |        |
      |                                                 int      uint32_t {aka long unsigned int}
      |                                                %ld
arm-none-eabi-gcc -o "SD_LCD_integration.elf" @"objects.list"   -mcpu=cortex-m4 -T"C:\Users\ragha.000\OneDrive\Desktop\Purdue\Spring 2024\ECE 47700\Code\SD_LCD_integration\STM32F411RETX_FLASH.ld" --specs=nosys.specs -Wl,-Map="SD_LCD_integration.map" -Wl,--gc-sections -static --specs=nano.specs -mfpu=fpv4-sp-d16 -mfloat-abi=hard -mthumb -Wl,--start-group -lc -lm -Wl,--end-group
Finished building target: SD_LCD_integration.elf
 
arm-none-eabi-size   SD_LCD_integration.elf 
arm-none-eabi-objdump -h -S  SD_LCD_integration.elf  > "SD_LCD_integration.list"
   text	   data	    bss	    dec	    hex	filename
  36308	    152	   2528	  38988	   984c	SD_LCD_integration.elf
Finished building: default.size.stdout
 
Finished building: SD_LCD_integration.list
 
18:56:20 **** Incremental Build of configuration Debug for project SD_LCD_integration ****
make -j16 all 
arm-none-eabi-size   SD_LCD_integration.elf 
   text	   data	    bss	    dec	    hex	filename
  36308	    152	   2528	  38988	   984c	SD_LCD_integration.elf
Finished building: default.size.stdout
 
18:57:00 **** Incremental Build of configuration Debug for project SD_LCD_integration ****
make -j16 all 
arm-none-eabi-gcc "../Core/Src/main.c" -mcpu=cortex-m4 -std=gnu11 -g3 -DDEBUG -DUSE_HAL_DRIVER -DSTM32F411xE -c -I../Core/Inc -I../Drivers/STM32F4xx_HAL_Driver/Inc -I../Drivers/STM32F4xx_HAL_Driver/Inc/Legacy -I../Drivers/CMSIS/Device/ST/STM32F4xx/Include -I../Drivers/CMSIS/Include -I../FATFS/Target -I../FATFS/App -I../Middlewares/Third_Party/FatFs/src -O0 -ffunction-sections -fdata-sections -Wall -fstack-usage -MMD -MP -MF"Core/Src/main.d" -MT"Core/Src/main.o" --specs=nano.specs -mfpu=fpv4-sp-d16 -mfloat-abi=hard -mthumb -o "Core/Src/main.o"
../Core/Src/main.c: In function 'displayImage':
../Core/Src/main.c:186:28: warning: format '%ld' expects argument of type 'long int', but argument 2 has type 'int' [-Wformat=]
  186 |  printf("Bits per pixel: %ld\r\n", imageBitsPerPixel);
      |                          ~~^       ~~~~~~~~~~~~~~~~~
      |                            |       |
      |                            |       int
      |                            long int
      |                          %d
../Core/Src/main.c:190:49: warning: format '%d' expects argument of type 'int', but argument 4 has type 'uint32_t' {aka 'long unsigned int'} [-Wformat=]
  190 |     snprintf(buff, sizeof(buff), "Compression: %d\r\n ", imageCompression);
      |                                                ~^        ~~~~~~~~~~~~~~~~
      |                                                 |        |
      |                                                 int      uint32_t {aka long unsigned int}
      |                                                %ld
arm-none-eabi-gcc -o "SD_LCD_integration.elf" @"objects.list"   -mcpu=cortex-m4 -T"C:\Users\ragha.000\OneDrive\Desktop\Purdue\Spring 2024\ECE 47700\Code\SD_LCD_integration\STM32F411RETX_FLASH.ld" --specs=nosys.specs -Wl,-Map="SD_LCD_integration.map" -Wl,--gc-sections -static --specs=nano.specs -mfpu=fpv4-sp-d16 -mfloat-abi=hard -mthumb -Wl,--start-group -lc -lm -Wl,--end-group
Finished building target: SD_LCD_integration.elf
 
arm-none-eabi-size   SD_LCD_integration.elf 
arm-none-eabi-objdump -h -S  SD_LCD_integration.elf  > "SD_LCD_integration.list"
   text	   data	    bss	    dec	    hex	filename
  36304	    152	   2528	  38984	   9848	SD_LCD_integration.elf
Finished building: default.size.stdout
 
Finished building: SD_LCD_integration.list
 
18:57:35 **** Incremental Build of configuration Debug for project SD_LCD_integration ****
make -j16 all 
arm-none-eabi-gcc "../Core/Src/main.c" -mcpu=cortex-m4 -std=gnu11 -g3 -DDEBUG -DUSE_HAL_DRIVER -DSTM32F411xE -c -I../Core/Inc -I../Drivers/STM32F4xx_HAL_Driver/Inc -I../Drivers/STM32F4xx_HAL_Driver/Inc/Legacy -I../Drivers/CMSIS/Device/ST/STM32F4xx/Include -I../Drivers/CMSIS/Include -I../FATFS/Target -I../FATFS/App -I../Middlewares/Third_Party/FatFs/src -O0 -ffunction-sections -fdata-sections -Wall -fstack-usage -MMD -MP -MF"Core/Src/main.d" -MT"Core/Src/main.o" --specs=nano.specs -mfpu=fpv4-sp-d16 -mfloat-abi=hard -mthumb -o "Core/Src/main.o"
../Core/Src/main.c: In function 'displayImage':
../Core/Src/main.c:186:28: warning: format '%ld' expects argument of type 'long int', but argument 2 has type 'int' [-Wformat=]
  186 |  printf("Bits per pixel: %ld\r\n", imageBitsPerPixel);
      |                          ~~^       ~~~~~~~~~~~~~~~~~
      |                            |       |
      |                            |       int
      |                            long int
      |                          %d
../Core/Src/main.c:190:49: warning: format '%d' expects argument of type 'int', but argument 4 has type 'uint32_t' {aka 'long unsigned int'} [-Wformat=]
  190 |     snprintf(buff, sizeof(buff), "Compression: %d\r\n ", imageCompression);
      |                                                ~^        ~~~~~~~~~~~~~~~~
      |                                                 |        |
      |                                                 int      uint32_t {aka long unsigned int}
      |                                                %ld
arm-none-eabi-gcc -o "SD_LCD_integration.elf" @"objects.list"   -mcpu=cortex-m4 -T"C:\Users\ragha.000\OneDrive\Desktop\Purdue\Spring 2024\ECE 47700\Code\SD_LCD_integration\STM32F411RETX_FLASH.ld" --specs=nosys.specs -Wl,-Map="SD_LCD_integration.map" -Wl,--gc-sections -static --specs=nano.specs -mfpu=fpv4-sp-d16 -mfloat-abi=hard -mthumb -Wl,--start-group -lc -lm -Wl,--end-group
Finished building target: SD_LCD_integration.elf
 
arm-none-eabi-size   SD_LCD_integration.elf 
arm-none-eabi-objdump -h -S  SD_LCD_integration.elf  > "SD_LCD_integration.list"
   text	   data	    bss	    dec	    hex	filename
  36304	    152	   2528	  38984	   9848	SD_LCD_integration.elf
Finished building: default.size.stdout
 
Finished building: SD_LCD_integration.list
 
18:58:16 **** Incremental Build of configuration Debug for project SD_LCD_integration ****
make -j16 all 
arm-none-eabi-gcc "../Core/Src/main.c" -mcpu=cortex-m4 -std=gnu11 -g3 -DDEBUG -DUSE_HAL_DRIVER -DSTM32F411xE -c -I../Core/Inc -I../Drivers/STM32F4xx_HAL_Driver/Inc -I../Drivers/STM32F4xx_HAL_Driver/Inc/Legacy -I../Drivers/CMSIS/Device/ST/STM32F4xx/Include -I../Drivers/CMSIS/Include -I../FATFS/Target -I../FATFS/App -I../Middlewares/Third_Party/FatFs/src -O0 -ffunction-sections -fdata-sections -Wall -fstack-usage -MMD -MP -MF"Core/Src/main.d" -MT"Core/Src/main.o" --specs=nano.specs -mfpu=fpv4-sp-d16 -mfloat-abi=hard -mthumb -o "Core/Src/main.o"
../Core/Src/main.c: In function 'displayImage':
../Core/Src/main.c:186:28: warning: format '%ld' expects argument of type 'long int', but argument 2 has type 'int' [-Wformat=]
  186 |  printf("Bits per pixel: %ld\r\n", imageBitsPerPixel);
      |                          ~~^       ~~~~~~~~~~~~~~~~~
      |                            |       |
      |                            |       int
      |                            long int
      |                          %d
../Core/Src/main.c:190:49: warning: format '%d' expects argument of type 'int', but argument 4 has type 'uint32_t' {aka 'long unsigned int'} [-Wformat=]
  190 |     snprintf(buff, sizeof(buff), "Compression: %d\r\n ", imageCompression);
      |                                                ~^        ~~~~~~~~~~~~~~~~
      |                                                 |        |
      |                                                 int      uint32_t {aka long unsigned int}
      |                                                %ld
arm-none-eabi-gcc -o "SD_LCD_integration.elf" @"objects.list"   -mcpu=cortex-m4 -T"C:\Users\ragha.000\OneDrive\Desktop\Purdue\Spring 2024\ECE 47700\Code\SD_LCD_integration\STM32F411RETX_FLASH.ld" --specs=nosys.specs -Wl,-Map="SD_LCD_integration.map" -Wl,--gc-sections -static --specs=nano.specs -mfpu=fpv4-sp-d16 -mfloat-abi=hard -mthumb -Wl,--start-group -lc -lm -Wl,--end-group
Finished building target: SD_LCD_integration.elf
 
arm-none-eabi-size   SD_LCD_integration.elf 
arm-none-eabi-objdump -h -S  SD_LCD_integration.elf  > "SD_LCD_integration.list"
   text	   data	    bss	    dec	    hex	filename
  36308	    152	   2528	  38988	   984c	SD_LCD_integration.elf
Finished building: default.size.stdout
 
Finished building: SD_LCD_integration.list
 
18:59:14 **** Incremental Build of configuration Debug for project SD_LCD_integration ****
make -j16 all 
arm-none-eabi-gcc "../Core/Src/main.c" -mcpu=cortex-m4 -std=gnu11 -g3 -DDEBUG -DUSE_HAL_DRIVER -DSTM32F411xE -c -I../Core/Inc -I../Drivers/STM32F4xx_HAL_Driver/Inc -I../Drivers/STM32F4xx_HAL_Driver/Inc/Legacy -I../Drivers/CMSIS/Device/ST/STM32F4xx/Include -I../Drivers/CMSIS/Include -I../FATFS/Target -I../FATFS/App -I../Middlewares/Third_Party/FatFs/src -O0 -ffunction-sections -fdata-sections -Wall -fstack-usage -MMD -MP -MF"Core/Src/main.d" -MT"Core/Src/main.o" --specs=nano.specs -mfpu=fpv4-sp-d16 -mfloat-abi=hard -mthumb -o "Core/Src/main.o"
../Core/Src/main.c: In function 'displayImage':
../Core/Src/main.c:186:28: warning: format '%ld' expects argument of type 'long int', but argument 2 has type 'int' [-Wformat=]
  186 |  printf("Bits per pixel: %ld\r\n", imageBitsPerPixel);
      |                          ~~^       ~~~~~~~~~~~~~~~~~
      |                            |       |
      |                            |       int
      |                            long int
      |                          %d
../Core/Src/main.c:190:49: warning: format '%d' expects argument of type 'int', but argument 4 has type 'uint32_t' {aka 'long unsigned int'} [-Wformat=]
  190 |     snprintf(buff, sizeof(buff), "Compression: %d\r\n ", imageCompression);
      |                                                ~^        ~~~~~~~~~~~~~~~~
      |                                                 |        |
      |                                                 int      uint32_t {aka long unsigned int}
      |                                                %ld
arm-none-eabi-gcc -o "SD_LCD_integration.elf" @"objects.list"   -mcpu=cortex-m4 -T"C:\Users\ragha.000\OneDrive\Desktop\Purdue\Spring 2024\ECE 47700\Code\SD_LCD_integration\STM32F411RETX_FLASH.ld" --specs=nosys.specs -Wl,-Map="SD_LCD_integration.map" -Wl,--gc-sections -static --specs=nano.specs -mfpu=fpv4-sp-d16 -mfloat-abi=hard -mthumb -Wl,--start-group -lc -lm -Wl,--end-group
Finished building target: SD_LCD_integration.elf
 
arm-none-eabi-size   SD_LCD_integration.elf 
arm-none-eabi-objdump -h -S  SD_LCD_integration.elf  > "SD_LCD_integration.list"
   text	   data	    bss	    dec	    hex	filename
  36304	    152	   2528	  38984	   9848	SD_LCD_integration.elf
Finished building: default.size.stdout
 
Finished building: SD_LCD_integration.list
 
18:59:53 **** Incremental Build of configuration Debug for project SD_LCD_integration ****
make -j16 all 
arm-none-eabi-gcc "../Core/Src/main.c" -mcpu=cortex-m4 -std=gnu11 -g3 -DDEBUG -DUSE_HAL_DRIVER -DSTM32F411xE -c -I../Core/Inc -I../Drivers/STM32F4xx_HAL_Driver/Inc -I../Drivers/STM32F4xx_HAL_Driver/Inc/Legacy -I../Drivers/CMSIS/Device/ST/STM32F4xx/Include -I../Drivers/CMSIS/Include -I../FATFS/Target -I../FATFS/App -I../Middlewares/Third_Party/FatFs/src -O0 -ffunction-sections -fdata-sections -Wall -fstack-usage -MMD -MP -MF"Core/Src/main.d" -MT"Core/Src/main.o" --specs=nano.specs -mfpu=fpv4-sp-d16 -mfloat-abi=hard -mthumb -o "Core/Src/main.o"
../Core/Src/main.c: In function 'displayImage':
../Core/Src/main.c:186:28: warning: format '%ld' expects argument of type 'long int', but argument 2 has type 'int' [-Wformat=]
  186 |  printf("Bits per pixel: %ld\r\n", imageBitsPerPixel);
      |                          ~~^       ~~~~~~~~~~~~~~~~~
      |                            |       |
      |                            |       int
      |                            long int
      |                          %d
../Core/Src/main.c:190:49: warning: format '%d' expects argument of type 'int', but argument 4 has type 'uint32_t' {aka 'long unsigned int'} [-Wformat=]
  190 |     snprintf(buff, sizeof(buff), "Compression: %d\r\n ", imageCompression);
      |                                                ~^        ~~~~~~~~~~~~~~~~
      |                                                 |        |
      |                                                 int      uint32_t {aka long unsigned int}
      |                                                %ld
arm-none-eabi-gcc -o "SD_LCD_integration.elf" @"objects.list"   -mcpu=cortex-m4 -T"C:\Users\ragha.000\OneDrive\Desktop\Purdue\Spring 2024\ECE 47700\Code\SD_LCD_integration\STM32F411RETX_FLASH.ld" --specs=nosys.specs -Wl,-Map="SD_LCD_integration.map" -Wl,--gc-sections -static --specs=nano.specs -mfpu=fpv4-sp-d16 -mfloat-abi=hard -mthumb -Wl,--start-group -lc -lm -Wl,--end-group
Finished building target: SD_LCD_integration.elf
 
arm-none-eabi-size   SD_LCD_integration.elf 
arm-none-eabi-objdump -h -S  SD_LCD_integration.elf  > "SD_LCD_integration.list"
   text	   data	    bss	    dec	    hex	filename
  36304	    152	   2528	  38984	   9848	SD_LCD_integration.elf
Finished building: default.size.stdout
 
Finished building: SD_LCD_integration.list
 
19:00:33 **** Incremental Build of configuration Debug for project SD_LCD_integration ****
make -j16 all 
arm-none-eabi-gcc "../Core/Src/main.c" -mcpu=cortex-m4 -std=gnu11 -g3 -DDEBUG -DUSE_HAL_DRIVER -DSTM32F411xE -c -I../Core/Inc -I../Drivers/STM32F4xx_HAL_Driver/Inc -I../Drivers/STM32F4xx_HAL_Driver/Inc/Legacy -I../Drivers/CMSIS/Device/ST/STM32F4xx/Include -I../Drivers/CMSIS/Include -I../FATFS/Target -I../FATFS/App -I../Middlewares/Third_Party/FatFs/src -O0 -ffunction-sections -fdata-sections -Wall -fstack-usage -MMD -MP -MF"Core/Src/main.d" -MT"Core/Src/main.o" --specs=nano.specs -mfpu=fpv4-sp-d16 -mfloat-abi=hard -mthumb -o "Core/Src/main.o"
../Core/Src/main.c: In function 'displayImage':
../Core/Src/main.c:186:28: warning: format '%ld' expects argument of type 'long int', but argument 2 has type 'int' [-Wformat=]
  186 |  printf("Bits per pixel: %ld\r\n", imageBitsPerPixel);
      |                          ~~^       ~~~~~~~~~~~~~~~~~
      |                            |       |
      |                            |       int
      |                            long int
      |                          %d
../Core/Src/main.c:190:49: warning: format '%d' expects argument of type 'int', but argument 4 has type 'uint32_t' {aka 'long unsigned int'} [-Wformat=]
  190 |     snprintf(buff, sizeof(buff), "Compression: %d\r\n ", imageCompression);
      |                                                ~^        ~~~~~~~~~~~~~~~~
      |                                                 |        |
      |                                                 int      uint32_t {aka long unsigned int}
      |                                                %ld
arm-none-eabi-gcc -o "SD_LCD_integration.elf" @"objects.list"   -mcpu=cortex-m4 -T"C:\Users\ragha.000\OneDrive\Desktop\Purdue\Spring 2024\ECE 47700\Code\SD_LCD_integration\STM32F411RETX_FLASH.ld" --specs=nosys.specs -Wl,-Map="SD_LCD_integration.map" -Wl,--gc-sections -static --specs=nano.specs -mfpu=fpv4-sp-d16 -mfloat-abi=hard -mthumb -Wl,--start-group -lc -lm -Wl,--end-group
Finished building target: SD_LCD_integration.elf
 
arm-none-eabi-size   SD_LCD_integration.elf 
arm-none-eabi-objdump -h -S  SD_LCD_integration.elf  > "SD_LCD_integration.list"
   text	   data	    bss	    dec	    hex	filename
  36300	    152	   2528	  38980	   9844	SD_LCD_integration.elf
Finished building: default.size.stdout
 
Finished building: SD_LCD_integration.list
 
19:02:18 **** Incremental Build of configuration Debug for project SD_LCD_integration ****
make -j16 all 
arm-none-eabi-gcc "../Core/Src/main.c" -mcpu=cortex-m4 -std=gnu11 -g3 -DDEBUG -DUSE_HAL_DRIVER -DSTM32F411xE -c -I../Core/Inc -I../Drivers/STM32F4xx_HAL_Driver/Inc -I../Drivers/STM32F4xx_HAL_Driver/Inc/Legacy -I../Drivers/CMSIS/Device/ST/STM32F4xx/Include -I../Drivers/CMSIS/Include -I../FATFS/Target -I../FATFS/App -I../Middlewares/Third_Party/FatFs/src -O0 -ffunction-sections -fdata-sections -Wall -fstack-usage -MMD -MP -MF"Core/Src/main.d" -MT"Core/Src/main.o" --specs=nano.specs -mfpu=fpv4-sp-d16 -mfloat-abi=hard -mthumb -o "Core/Src/main.o"
../Core/Src/main.c: In function 'displayImage':
../Core/Src/main.c:186:28: warning: format '%ld' expects argument of type 'long int', but argument 2 has type 'int' [-Wformat=]
  186 |  printf("Bits per pixel: %ld\r\n", imageBitsPerPixel);
      |                          ~~^       ~~~~~~~~~~~~~~~~~
      |                            |       |
      |                            |       int
      |                            long int
      |                          %d
../Core/Src/main.c:190:49: warning: format '%d' expects argument of type 'int', but argument 4 has type 'uint32_t' {aka 'long unsigned int'} [-Wformat=]
  190 |     snprintf(buff, sizeof(buff), "Compression: %d\r\n ", imageCompression);
      |                                                ~^        ~~~~~~~~~~~~~~~~
      |                                                 |        |
      |                                                 int      uint32_t {aka long unsigned int}
      |                                                %ld
arm-none-eabi-gcc -o "SD_LCD_integration.elf" @"objects.list"   -mcpu=cortex-m4 -T"C:\Users\ragha.000\OneDrive\Desktop\Purdue\Spring 2024\ECE 47700\Code\SD_LCD_integration\STM32F411RETX_FLASH.ld" --specs=nosys.specs -Wl,-Map="SD_LCD_integration.map" -Wl,--gc-sections -static --specs=nano.specs -mfpu=fpv4-sp-d16 -mfloat-abi=hard -mthumb -Wl,--start-group -lc -lm -Wl,--end-group
Finished building target: SD_LCD_integration.elf
 
arm-none-eabi-size   SD_LCD_integration.elf 
arm-none-eabi-objdump -h -S  SD_LCD_integration.elf  > "SD_LCD_integration.list"
   text	   data	    bss	    dec	    hex	filename
  36304	    152	   2528	  38984	   9848	SD_LCD_integration.elf
Finished building: default.size.stdout
 
Finished building: SD_LCD_integration.list
 
19:03:33 **** Incremental Build of configuration Debug for project SD_LCD_integration ****
make -j16 all 
arm-none-eabi-gcc "../Core/Src/main.c" -mcpu=cortex-m4 -std=gnu11 -g3 -DDEBUG -DUSE_HAL_DRIVER -DSTM32F411xE -c -I../Core/Inc -I../Drivers/STM32F4xx_HAL_Driver/Inc -I../Drivers/STM32F4xx_HAL_Driver/Inc/Legacy -I../Drivers/CMSIS/Device/ST/STM32F4xx/Include -I../Drivers/CMSIS/Include -I../FATFS/Target -I../FATFS/App -I../Middlewares/Third_Party/FatFs/src -O0 -ffunction-sections -fdata-sections -Wall -fstack-usage -MMD -MP -MF"Core/Src/main.d" -MT"Core/Src/main.o" --specs=nano.specs -mfpu=fpv4-sp-d16 -mfloat-abi=hard -mthumb -o "Core/Src/main.o"
../Core/Src/main.c: In function 'displayImage':
../Core/Src/main.c:186:28: warning: format '%ld' expects argument of type 'long int', but argument 2 has type 'int' [-Wformat=]
  186 |  printf("Bits per pixel: %ld\r\n", imageBitsPerPixel);
      |                          ~~^       ~~~~~~~~~~~~~~~~~
      |                            |       |
      |                            |       int
      |                            long int
      |                          %d
../Core/Src/main.c:190:49: warning: format '%d' expects argument of type 'int', but argument 4 has type 'uint32_t' {aka 'long unsigned int'} [-Wformat=]
  190 |     snprintf(buff, sizeof(buff), "Compression: %d\r\n ", imageCompression);
      |                                                ~^        ~~~~~~~~~~~~~~~~
      |                                                 |        |
      |                                                 int      uint32_t {aka long unsigned int}
      |                                                %ld
arm-none-eabi-gcc -o "SD_LCD_integration.elf" @"objects.list"   -mcpu=cortex-m4 -T"C:\Users\ragha.000\OneDrive\Desktop\Purdue\Spring 2024\ECE 47700\Code\SD_LCD_integration\STM32F411RETX_FLASH.ld" --specs=nosys.specs -Wl,-Map="SD_LCD_integration.map" -Wl,--gc-sections -static --specs=nano.specs -mfpu=fpv4-sp-d16 -mfloat-abi=hard -mthumb -Wl,--start-group -lc -lm -Wl,--end-group
Finished building target: SD_LCD_integration.elf
 
arm-none-eabi-size   SD_LCD_integration.elf 
arm-none-eabi-objdump -h -S  SD_LCD_integration.elf  > "SD_LCD_integration.list"
   text	   data	    bss	    dec	    hex	filename
  36304	    152	   2528	  38984	   9848	SD_LCD_integration.elf
Finished building: default.size.stdout
 
Finished building: SD_LCD_integration.list
 
19:04:06 **** Incremental Build of configuration Debug for project SD_LCD_integration ****
make -j16 all 
arm-none-eabi-gcc "../Core/Src/main.c" -mcpu=cortex-m4 -std=gnu11 -g3 -DDEBUG -DUSE_HAL_DRIVER -DSTM32F411xE -c -I../Core/Inc -I../Drivers/STM32F4xx_HAL_Driver/Inc -I../Drivers/STM32F4xx_HAL_Driver/Inc/Legacy -I../Drivers/CMSIS/Device/ST/STM32F4xx/Include -I../Drivers/CMSIS/Include -I../FATFS/Target -I../FATFS/App -I../Middlewares/Third_Party/FatFs/src -O0 -ffunction-sections -fdata-sections -Wall -fstack-usage -MMD -MP -MF"Core/Src/main.d" -MT"Core/Src/main.o" --specs=nano.specs -mfpu=fpv4-sp-d16 -mfloat-abi=hard -mthumb -o "Core/Src/main.o"
../Core/Src/main.c: In function 'displayImage':
../Core/Src/main.c:186:28: warning: format '%ld' expects argument of type 'long int', but argument 2 has type 'int' [-Wformat=]
  186 |  printf("Bits per pixel: %ld\r\n", imageBitsPerPixel);
      |                          ~~^       ~~~~~~~~~~~~~~~~~
      |                            |       |
      |                            |       int
      |                            long int
      |                          %d
../Core/Src/main.c:190:49: warning: format '%d' expects argument of type 'int', but argument 4 has type 'uint32_t' {aka 'long unsigned int'} [-Wformat=]
  190 |     snprintf(buff, sizeof(buff), "Compression: %d\r\n ", imageCompression);
      |                                                ~^        ~~~~~~~~~~~~~~~~
      |                                                 |        |
      |                                                 int      uint32_t {aka long unsigned int}
      |                                                %ld
arm-none-eabi-gcc -o "SD_LCD_integration.elf" @"objects.list"   -mcpu=cortex-m4 -T"C:\Users\ragha.000\OneDrive\Desktop\Purdue\Spring 2024\ECE 47700\Code\SD_LCD_integration\STM32F411RETX_FLASH.ld" --specs=nosys.specs -Wl,-Map="SD_LCD_integration.map" -Wl,--gc-sections -static --specs=nano.specs -mfpu=fpv4-sp-d16 -mfloat-abi=hard -mthumb -Wl,--start-group -lc -lm -Wl,--end-group
Finished building target: SD_LCD_integration.elf
 
arm-none-eabi-size   SD_LCD_integration.elf 
arm-none-eabi-objdump -h -S  SD_LCD_integration.elf  > "SD_LCD_integration.list"
   text	   data	    bss	    dec	    hex	filename
  36304	    152	   2528	  38984	   9848	SD_LCD_integration.elf
Finished building: default.size.stdout
 
Finished building: SD_LCD_integration.list
 
19:06:21 **** Incremental Build of configuration Debug for project SD_LCD_integration ****
make -j16 all 
arm-none-eabi-gcc "../Core/Src/main.c" -mcpu=cortex-m4 -std=gnu11 -g3 -DDEBUG -DUSE_HAL_DRIVER -DSTM32F411xE -c -I../Core/Inc -I../Drivers/STM32F4xx_HAL_Driver/Inc -I../Drivers/STM32F4xx_HAL_Driver/Inc/Legacy -I../Drivers/CMSIS/Device/ST/STM32F4xx/Include -I../Drivers/CMSIS/Include -I../FATFS/Target -I../FATFS/App -I../Middlewares/Third_Party/FatFs/src -O0 -ffunction-sections -fdata-sections -Wall -fstack-usage -MMD -MP -MF"Core/Src/main.d" -MT"Core/Src/main.o" --specs=nano.specs -mfpu=fpv4-sp-d16 -mfloat-abi=hard -mthumb -o "Core/Src/main.o"
../Core/Src/main.c: In function 'displayImage':
../Core/Src/main.c:186:28: warning: format '%ld' expects argument of type 'long int', but argument 2 has type 'int' [-Wformat=]
  186 |  printf("Bits per pixel: %ld\r\n", imageBitsPerPixel);
      |                          ~~^       ~~~~~~~~~~~~~~~~~
      |                            |       |
      |                            |       int
      |                            long int
      |                          %d
../Core/Src/main.c:190:49: warning: format '%d' expects argument of type 'int', but argument 4 has type 'uint32_t' {aka 'long unsigned int'} [-Wformat=]
  190 |     snprintf(buff, sizeof(buff), "Compression: %d\r\n ", imageCompression);
      |                                                ~^        ~~~~~~~~~~~~~~~~
      |                                                 |        |
      |                                                 int      uint32_t {aka long unsigned int}
      |                                                %ld
arm-none-eabi-gcc -o "SD_LCD_integration.elf" @"objects.list"   -mcpu=cortex-m4 -T"C:\Users\ragha.000\OneDrive\Desktop\Purdue\Spring 2024\ECE 47700\Code\SD_LCD_integration\STM32F411RETX_FLASH.ld" --specs=nosys.specs -Wl,-Map="SD_LCD_integration.map" -Wl,--gc-sections -static --specs=nano.specs -mfpu=fpv4-sp-d16 -mfloat-abi=hard -mthumb -Wl,--start-group -lc -lm -Wl,--end-group
Finished building target: SD_LCD_integration.elf
 
arm-none-eabi-size   SD_LCD_integration.elf 
arm-none-eabi-objdump -h -S  SD_LCD_integration.elf  > "SD_LCD_integration.list"
   text	   data	    bss	    dec	    hex	filename
  36304	    152	   2528	  38984	   9848	SD_LCD_integration.elf
Finished building: default.size.stdout
 
Finished building: SD_LCD_integration.list
 
19:06:55 **** Incremental Build of configuration Debug for project SD_LCD_integration ****
make -j16 all 
arm-none-eabi-gcc "../Core/Src/main.c" -mcpu=cortex-m4 -std=gnu11 -g3 -DDEBUG -DUSE_HAL_DRIVER -DSTM32F411xE -c -I../Core/Inc -I../Drivers/STM32F4xx_HAL_Driver/Inc -I../Drivers/STM32F4xx_HAL_Driver/Inc/Legacy -I../Drivers/CMSIS/Device/ST/STM32F4xx/Include -I../Drivers/CMSIS/Include -I../FATFS/Target -I../FATFS/App -I../Middlewares/Third_Party/FatFs/src -O0 -ffunction-sections -fdata-sections -Wall -fstack-usage -MMD -MP -MF"Core/Src/main.d" -MT"Core/Src/main.o" --specs=nano.specs -mfpu=fpv4-sp-d16 -mfloat-abi=hard -mthumb -o "Core/Src/main.o"
../Core/Src/main.c: In function 'displayImage':
../Core/Src/main.c:186:28: warning: format '%ld' expects argument of type 'long int', but argument 2 has type 'int' [-Wformat=]
  186 |  printf("Bits per pixel: %ld\r\n", imageBitsPerPixel);
      |                          ~~^       ~~~~~~~~~~~~~~~~~
      |                            |       |
      |                            |       int
      |                            long int
      |                          %d
../Core/Src/main.c:190:49: warning: format '%d' expects argument of type 'int', but argument 4 has type 'uint32_t' {aka 'long unsigned int'} [-Wformat=]
  190 |     snprintf(buff, sizeof(buff), "Compression: %d\r\n ", imageCompression);
      |                                                ~^        ~~~~~~~~~~~~~~~~
      |                                                 |        |
      |                                                 int      uint32_t {aka long unsigned int}
      |                                                %ld
arm-none-eabi-gcc -o "SD_LCD_integration.elf" @"objects.list"   -mcpu=cortex-m4 -T"C:\Users\ragha.000\OneDrive\Desktop\Purdue\Spring 2024\ECE 47700\Code\SD_LCD_integration\STM32F411RETX_FLASH.ld" --specs=nosys.specs -Wl,-Map="SD_LCD_integration.map" -Wl,--gc-sections -static --specs=nano.specs -mfpu=fpv4-sp-d16 -mfloat-abi=hard -mthumb -Wl,--start-group -lc -lm -Wl,--end-group
Finished building target: SD_LCD_integration.elf
 
arm-none-eabi-size   SD_LCD_integration.elf 
arm-none-eabi-objdump -h -S  SD_LCD_integration.elf  > "SD_LCD_integration.list"
   text	   data	    bss	    dec	    hex	filename
  36300	    152	   2528	  38980	   9844	SD_LCD_integration.elf
Finished building: default.size.stdout
 
Finished building: SD_LCD_integration.list
 
17:17:45 **** Build of configuration Debug for project SD_LCD_integration ****
make -j16 all 
arm-none-eabi-size   SD_LCD_integration.elf 
   text	   data	    bss	    dec	    hex	filename
  36300	    152	   2528	  38980	   9844	SD_LCD_integration.elf
Finished building: default.size.stdout
 
