16:48:35 **** Incremental Build of configuration Debug for project blutoot_butt ****
make -j16 all 
arm-none-eabi-gcc "../Core/Src/main.c" -mcpu=cortex-m4 -std=gnu11 -g3 -DDEBUG -DUSE_HAL_DRIVER -DSTM32F411xE -c -I../Core/Inc -I../Drivers/STM32F4xx_HAL_Driver/Inc -I../Drivers/STM32F4xx_HAL_Driver/Inc/Legacy -I../Drivers/CMSIS/Device/ST/STM32F4xx/Include -I../Drivers/CMSIS/Include -O0 -ffunction-sections -fdata-sections -Wall -fstack-usage -MMD -MP -MF"Core/Src/main.d" -MT"Core/Src/main.o" --specs=nano.specs -mfpu=fpv4-sp-d16 -mfloat-abi=hard -mthumb -o "Core/Src/main.o"
arm-none-eabi-gcc -o "blutoot_butt.elf" @"objects.list"   -mcpu=cortex-m4 -T"C:\Users\ragha.000\OneDrive\Desktop\Purdue\Spring 2024\ECE 47700\Code\blutoot_butt\STM32F411RETX_FLASH.ld" --specs=nosys.specs -Wl,-Map="blutoot_butt.map" -Wl,--gc-sections -static --specs=nano.specs -mfpu=fpv4-sp-d16 -mfloat-abi=hard -mthumb -Wl,--start-group -lc -lm -Wl,--end-group
Finished building target: blutoot_butt.elf
 
arm-none-eabi-size   blutoot_butt.elf 
arm-none-eabi-objdump -h -S  blutoot_butt.elf  > "blutoot_butt.list"
   text	   data	    bss	    dec	    hex	filename
  11628	     28	   1860	  13516	   34cc	blutoot_butt.elf
Finished building: default.size.stdout
 
Finished building: blutoot_butt.list
 
16:48:38 **** Incremental Build of configuration Debug for project blutoot_butt ****
make -j16 all 
arm-none-eabi-size   blutoot_butt.elf 
   text	   data	    bss	    dec	    hex	filename
  11628	     28	   1860	  13516	   34cc	blutoot_butt.elf
Finished building: default.size.stdout
 
16:50:12 **** Incremental Build of configuration Debug for project blutoot_butt ****
make -j16 all 
arm-none-eabi-gcc "../Core/Src/main.c" -mcpu=cortex-m4 -std=gnu11 -g3 -DDEBUG -DUSE_HAL_DRIVER -DSTM32F411xE -c -I../Core/Inc -I../Drivers/STM32F4xx_HAL_Driver/Inc -I../Drivers/STM32F4xx_HAL_Driver/Inc/Legacy -I../Drivers/CMSIS/Device/ST/STM32F4xx/Include -I../Drivers/CMSIS/Include -O0 -ffunction-sections -fdata-sections -Wall -fstack-usage -MMD -MP -MF"Core/Src/main.d" -MT"Core/Src/main.o" --specs=nano.specs -mfpu=fpv4-sp-d16 -mfloat-abi=hard -mthumb -o "Core/Src/main.o"
arm-none-eabi-gcc -o "blutoot_butt.elf" @"objects.list"   -mcpu=cortex-m4 -T"C:\Users\ragha.000\OneDrive\Desktop\Purdue\Spring 2024\ECE 47700\Code\blutoot_butt\STM32F411RETX_FLASH.ld" --specs=nosys.specs -Wl,-Map="blutoot_butt.map" -Wl,--gc-sections -static --specs=nano.specs -mfpu=fpv4-sp-d16 -mfloat-abi=hard -mthumb -Wl,--start-group -lc -lm -Wl,--end-group
Finished building target: blutoot_butt.elf
 
arm-none-eabi-size   blutoot_butt.elf 
arm-none-eabi-objdump -h -S  blutoot_butt.elf  > "blutoot_butt.list"
   text	   data	    bss	    dec	    hex	filename
  11652	     28	   1860	  13540	   34e4	blutoot_butt.elf
Finished building: default.size.stdout
 
Finished building: blutoot_butt.list
 
17:09:55 **** Incremental Build of configuration Debug for project blutoot_butt ****
make -j16 all 
arm-none-eabi-gcc "../Core/Src/main.c" -mcpu=cortex-m4 -std=gnu11 -g3 -DDEBUG -DUSE_HAL_DRIVER -DSTM32F411xE -c -I../Core/Inc -I../Drivers/STM32F4xx_HAL_Driver/Inc -I../Drivers/STM32F4xx_HAL_Driver/Inc/Legacy -I../Drivers/CMSIS/Device/ST/STM32F4xx/Include -I../Drivers/CMSIS/Include -O0 -ffunction-sections -fdata-sections -Wall -fstack-usage -MMD -MP -MF"Core/Src/main.d" -MT"Core/Src/main.o" --specs=nano.specs -mfpu=fpv4-sp-d16 -mfloat-abi=hard -mthumb -o "Core/Src/main.o"
arm-none-eabi-gcc -o "blutoot_butt.elf" @"objects.list"   -mcpu=cortex-m4 -T"C:\Users\ragha.000\OneDrive\Desktop\Purdue\Spring 2024\ECE 47700\Code\blutoot_butt\STM32F411RETX_FLASH.ld" --specs=nosys.specs -Wl,-Map="blutoot_butt.map" -Wl,--gc-sections -static --specs=nano.specs -mfpu=fpv4-sp-d16 -mfloat-abi=hard -mthumb -Wl,--start-group -lc -lm -Wl,--end-group
Finished building target: blutoot_butt.elf
 
arm-none-eabi-size   blutoot_butt.elf 
arm-none-eabi-objdump -h -S  blutoot_butt.elf  > "blutoot_butt.list"
   text	   data	    bss	    dec	    hex	filename
  11672	     28	   1860	  13560	   34f8	blutoot_butt.elf
Finished building: default.size.stdout
 
Finished building: blutoot_butt.list
 
17:39:03 **** Incremental Build of configuration Debug for project blutoot_butt ****
make -j16 all 
arm-none-eabi-gcc "../Core/Src/main.c" -mcpu=cortex-m4 -std=gnu11 -g3 -DDEBUG -DUSE_HAL_DRIVER -DSTM32F411xE -c -I../Core/Inc -I../Drivers/STM32F4xx_HAL_Driver/Inc -I../Drivers/STM32F4xx_HAL_Driver/Inc/Legacy -I../Drivers/CMSIS/Device/ST/STM32F4xx/Include -I../Drivers/CMSIS/Include -O0 -ffunction-sections -fdata-sections -Wall -fstack-usage -MMD -MP -MF"Core/Src/main.d" -MT"Core/Src/main.o" --specs=nano.specs -mfpu=fpv4-sp-d16 -mfloat-abi=hard -mthumb -o "Core/Src/main.o"
arm-none-eabi-gcc -o "blutoot_butt.elf" @"objects.list"   -mcpu=cortex-m4 -T"C:\Users\ragha.000\OneDrive\Desktop\Purdue\Spring 2024\ECE 47700\Code\blutoot_butt\STM32F411RETX_FLASH.ld" --specs=nosys.specs -Wl,-Map="blutoot_butt.map" -Wl,--gc-sections -static --specs=nano.specs -mfpu=fpv4-sp-d16 -mfloat-abi=hard -mthumb -Wl,--start-group -lc -lm -Wl,--end-group
Finished building target: blutoot_butt.elf
 
arm-none-eabi-size   blutoot_butt.elf 
arm-none-eabi-objdump -h -S  blutoot_butt.elf  > "blutoot_butt.list"
   text	   data	    bss	    dec	    hex	filename
  11672	     28	   1860	  13560	   34f8	blutoot_butt.elf
Finished building: default.size.stdout
 
Finished building: blutoot_butt.list
 
18:36:02 **** Build of configuration Debug for project SD_LCD_Buttons_testing ****
make -j16 all 
arm-none-eabi-size   SD_LCD_Buttons_testing.elf 
   text	   data	    bss	    dec	    hex	filename
  74464	    412	   5900	  80776	  13b88	SD_LCD_Buttons_testing.elf
Finished building: default.size.stdout
 
18:56:25 **** Incremental Build of configuration Debug for project blutoot_butt ****
make -j16 all 
arm-none-eabi-size   blutoot_butt.elf 
   text	   data	    bss	    dec	    hex	filename
  11672	     28	   1860	  13560	   34f8	blutoot_butt.elf
Finished building: default.size.stdout
 
19:02:14 **** Incremental Build of configuration Debug for project SD_LCD_Buttons_testing ****
make -j16 all 
arm-none-eabi-size   SD_LCD_Buttons_testing.elf 
   text	   data	    bss	    dec	    hex	filename
  74464	    412	   5900	  80776	  13b88	SD_LCD_Buttons_testing.elf
Finished building: default.size.stdout
 
15:36:45 **** Incremental Build of configuration Debug for project SD_LCD_Buttons_testing ****
make -j16 all 
arm-none-eabi-size   SD_LCD_Buttons_testing.elf 
   text	   data	    bss	    dec	    hex	filename
  74464	    412	   5900	  80776	  13b88	SD_LCD_Buttons_testing.elf
Finished building: default.size.stdout
 
15:40:51 **** Build of configuration Debug for project LCD_TESTING ****
make -j16 all 
arm-none-eabi-size   LCD_TESTING.elf 
   text	   data	    bss	    dec	    hex	filename
  80504	     44	   1724	  82272	  14160	LCD_TESTING.elf
Finished building: default.size.stdout
 
15:41:11 **** Build of configuration Debug for project SD_LCD_integration ****
make -j16 all 
arm-none-eabi-size   SD_LCD_integration.elf 
   text	   data	    bss	    dec	    hex	filename
  36300	    152	   2528	  38980	   9844	SD_LCD_integration.elf
Finished building: default.size.stdout
 
15:50:03 **** Incremental Build of configuration Debug for project LCD_TESTING ****
make -j16 all 
arm-none-eabi-size   LCD_TESTING.elf 
   text	   data	    bss	    dec	    hex	filename
  80504	     44	   1724	  82272	  14160	LCD_TESTING.elf
Finished building: default.size.stdout
 
15:50:46 **** Incremental Build of configuration Debug for project SD_LCD_Buttons_testing ****
make -j16 all 
arm-none-eabi-size   SD_LCD_Buttons_testing.elf 
   text	   data	    bss	    dec	    hex	filename
  74464	    412	   5900	  80776	  13b88	SD_LCD_Buttons_testing.elf
Finished building: default.size.stdout
 
15:52:40 **** Incremental Build of configuration Debug for project LCD_TESTING ****
make -j16 all 
arm-none-eabi-size   LCD_TESTING.elf 
   text	   data	    bss	    dec	    hex	filename
  80504	     44	   1724	  82272	  14160	LCD_TESTING.elf
Finished building: default.size.stdout
 
15:53:00 **** Incremental Build of configuration Debug for project SD_LCD_Buttons_testing ****
make -j16 all 
arm-none-eabi-size   SD_LCD_Buttons_testing.elf 
   text	   data	    bss	    dec	    hex	filename
  74464	    412	   5900	  80776	  13b88	SD_LCD_Buttons_testing.elf
Finished building: default.size.stdout
 
15:53:24 **** Incremental Build of configuration Debug for project LCD_TESTING ****
make -j16 all 
arm-none-eabi-size   LCD_TESTING.elf 
   text	   data	    bss	    dec	    hex	filename
  80504	     44	   1724	  82272	  14160	LCD_TESTING.elf
Finished building: default.size.stdout
 
15:53:58 **** Incremental Build of configuration Debug for project SD_LCD_integration ****
make -j16 all 
arm-none-eabi-size   SD_LCD_integration.elf 
   text	   data	    bss	    dec	    hex	filename
  36300	    152	   2528	  38980	   9844	SD_LCD_integration.elf
Finished building: default.size.stdout
 
15:55:02 **** Incremental Build of configuration Debug for project SD_LCD_Buttons_testing ****
make -j16 all 
arm-none-eabi-size   SD_LCD_Buttons_testing.elf 
   text	   data	    bss	    dec	    hex	filename
  74464	    412	   5900	  80776	  13b88	SD_LCD_Buttons_testing.elf
Finished building: default.size.stdout
 
15:56:35 **** Incremental Build of configuration Debug for project LCD_TESTING ****
make -j16 all 
arm-none-eabi-size   LCD_TESTING.elf 
   text	   data	    bss	    dec	    hex	filename
  80504	     44	   1724	  82272	  14160	LCD_TESTING.elf
Finished building: default.size.stdout
 
