20:39:10 **** Incremental Build of configuration Debug for project timers_testing ****
make -j16 all 
arm-none-eabi-gcc "../Core/Src/main.c" -mcpu=cortex-m0 -std=gnu11 -g3 -DDEBUG -DUSE_HAL_DRIVER -DSTM32F042x6 -c -I../Core/Inc -I../Drivers/STM32F0xx_HAL_Driver/Inc -I../Drivers/STM32F0xx_HAL_Driver/Inc/Legacy -I../Drivers/CMSIS/Device/ST/STM32F0xx/Include -I../Drivers/CMSIS/Include -O0 -ffunction-sections -fdata-sections -Wall -fstack-usage -MMD -MP -MF"Core/Src/main.d" -MT"Core/Src/main.o" --specs=nano.specs -mfloat-abi=soft -mthumb -o "Core/Src/main.o"
arm-none-eabi-gcc -o "timers_testing.elf" @"objects.list"   -mcpu=cortex-m0 -T"C:\Users\ragha.000\OneDrive\Desktop\Purdue\Spring 2024\ECE 47700\Code\timers_testing\STM32F042K6TX_FLASH.ld" --specs=nosys.specs -Wl,-Map="timers_testing.map" -Wl,--gc-sections -static --specs=nano.specs -mfloat-abi=soft -mthumb -Wl,--start-group -lc -lm -Wl,--end-group
Finished building target: timers_testing.elf
 
arm-none-eabi-size   timers_testing.elf 
arm-none-eabi-objdump -h -S  timers_testing.elf  > "timers_testing.list"
   text	   data	    bss	    dec	    hex	filename
  12436	     20	   1852	  14308	   37e4	timers_testing.elf
Finished building: default.size.stdout
 
Finished building: timers_testing.list
 

20:39:11 Build Finished. 0 errors, 0 warnings. (took 1s.66ms)

