../Core/Src/main.c:79:1:__io_putchar	16	static
../Core/Src/main.c:91:19:BQ27441_i2cWriteBytes	32	static
../Core/Src/main.c:101:19:BQ27441_i2cReadBytes	32	static
../Core/Src/main.c:109:10:BQ27441_readWord	24	static
../Core/Src/main.c:119:10:BQ27441_soc	24	static
../Core/Src/main.c:136:10:BQ27441_voltage	8	static
../Core/Src/main.c:143:9:BQ27441_power	8	static
../Core/Src/main.c:147:9:BQ27441_opconfig	8	static
../Core/Src/main.c:151:10:BQ27441_deviceType	16	static
../Core/Src/main.c:169:6:BQ27441_init	16	static
../Core/Src/main.c:182:6:Bat_init	16	static
../Core/Src/main.c:192:6:check_charging	16	static
../Core/Src/main.c:203:6:updateBat	8	static
../Core/Src/main.c:222:5:main	32	static
../Core/Src/main.c:320:6:SystemClock_Config	88	static
../Core/Src/main.c:366:13:MX_I2C3_Init	8	static
../Core/Src/main.c:400:13:MX_USART1_UART_Init	8	static
../Core/Src/main.c:433:13:MX_USART2_UART_Init	8	static
../Core/Src/main.c:466:13:MX_GPIO_Init	48	static
../Core/Src/main.c:518:6:HAL_GPIO_EXTI_Callback	16	static
../Core/Src/main.c:533:6:Error_Handler	4	static,ignoring_inline_asm
