../Core/Src/ili9341.c:9:13:ILI9341_Reset	8	static
../Core/Src/ili9341.c:16:13:ILI9341_WriteCommand	16	static
../Core/Src/ili9341.c:20:13:ILI9341_WriteData	16	static
../Core/Src/ili9341.c:24:13:ILI9341_WriteDataMultiple	16	static
../Core/Src/ili9341.c:31:6:ILI9341_SetAddressWindow	24	static
../Core/Src/ili9341.c:52:6:ILI9341_Init	176	static
../Core/Src/ili9341.c:203:6:ILI9341_DrawPixel	16	static
../Core/Src/ili9341.c:227:13:ILI9341_WriteChar	40	static
../Core/Src/ili9341.c:246:6:ILI9341_WriteString	32	static
../Core/Src/ili9341.c:269:6:ILI9341_FillRectangle	24	static
../Core/Src/ili9341.c:284:6:ILI9341_FillScreen	24	static
../Core/Src/ili9341.c:288:6:ILI9341_DrawLine	40	static
../Core/Src/ili9341.c:343:6:ILI9341_DrawCircle	40	static
../Core/Src/ili9341.c:378:6:ILI9341_DrawFilledCircle	48	static
../Core/Src/ili9341.c:410:6:ILI9341_DrawTriangle	32	static
../Core/Src/ili9341.c:419:6:ILI9341_DrawFilledTriangle	64	static
../Core/Src/ili9341.c:480:6:ILI9341_DrawImage	24	static
../Core/Src/ili9341.c:489:6:ILI9341_InvertColors	16	static
../Core/Src/ili9341.c:493:6:ILI9341_Test	24	static
../Core/Src/ili9341.c:543:6:FPS_Test	120	static
