../Core/Src/main.c:115:5:bufsize	24	static
../Core/Src/main.c:122:5:bufclear	16	static
../Core/Src/main.c:130:5:displayImage	4984	static
../Core/Src/main.c:233:5:main	32	static
../Core/Src/main.c:299:6:SystemClock_Config	88	static
../Core/Src/main.c:345:13:MX_SPI1_Init	8	static
../Core/Src/main.c:383:13:MX_SPI2_Init	8	static
../Core/Src/main.c:421:13:MX_TIM2_Init	64	static
../Core/Src/main.c:480:13:MX_GPIO_Init	56	static
../Core/Src/main.c:531:13:MX_FSMC_Init	40	static
../Core/Src/main.c:591:6:Error_Handler	4	static,ignoring_inline_asm
