../Core/Src/stm32f4xx_hal_msp.c:65:6:HAL_MspInit	16	static
../Core/Src/stm32f4xx_hal_msp.c:89:6:HAL_SPI_MspInit	56	static
../Core/Src/stm32f4xx_hal_msp.c:159:6:HAL_SPI_MspDeInit	16	static
../Core/Src/stm32f4xx_hal_msp.c:210:6:HAL_TIM_Base_MspInit	24	static
../Core/Src/stm32f4xx_hal_msp.c:226:6:HAL_TIM_MspPostInit	40	static
../Core/Src/stm32f4xx_hal_msp.c:258:6:HAL_TIM_Base_MspDeInit	16	static
../Core/Src/stm32f4xx_hal_msp.c:276:13:HAL_FSMC_MspInit	32	static
../Core/Src/stm32f4xx_hal_msp.c:334:6:HAL_SRAM_MspInit	16	static
../Core/Src/stm32f4xx_hal_msp.c:346:13:HAL_FSMC_MspDeInit	8	static
../Core/Src/stm32f4xx_hal_msp.c:392:6:HAL_SRAM_MspDeInit	16	static
