../Core/Src/main.c:186:5:__io_putchar	16	static
../Core/Src/main.c:198:5:displayImage	160	dynamic
../Core/Src/main.c:274:19:BQ27441_i2cWriteBytes	32	static
../Core/Src/main.c:278:19:BQ27441_i2cReadBytes	32	static
../Core/Src/main.c:282:10:BQ27441_readWord	24	static
../Core/Src/main.c:288:10:BQ27441_soc	24	static
../Core/Src/main.c:302:10:BQ27441_voltage	8	static
../Core/Src/main.c:306:9:BQ27441_power	8	static
../Core/Src/main.c:310:10:BQ27441_deviceType	16	static
../Core/Src/main.c:328:6:BQ27441_init	16	static
../Core/Src/main.c:339:6:check_charging	16	static
../Core/Src/main.c:350:6:Bat_init	16	static
../Core/Src/main.c:359:6:updateBat	8	static
../Core/Src/main.c:373:6:startup_init	8	static
../Core/Src/main.c:407:6:dispBat	24	static
../Core/Src/main.c:425:6:buttons_init	4	static
../Core/Src/main.c:430:6:drive_column	4	static
../Core/Src/main.c:436:9:read_rows	4	static
../Core/Src/main.c:440:6:clean_buffer	8	static
../Core/Src/main.c:449:6:right_stick_emulate	4	static
../Core/Src/main.c:456:6:clean_buffer_bt	4	static
../Core/Src/main.c:462:6:HAL_TIM_PeriodElapsedCallback	32	static
../Core/Src/main.c:485:6:HAL_GPIO_EXTI_Callback	16	static,ignoring_inline_asm
../Core/Src/main.c:504:5:main	32	static
../Core/Src/main.c:625:6:SystemClock_Config	88	static
../Core/Src/main.c:671:13:MX_I2C3_Init	8	static
../Core/Src/main.c:705:13:MX_SPI2_Init	8	static
../Core/Src/main.c:743:13:MX_SPI3_Init	8	static
../Core/Src/main.c:781:13:MX_TIM2_Init	32	static
../Core/Src/main.c:826:13:MX_TIM3_Init	32	static
../Core/Src/main.c:871:13:MX_USART1_UART_Init	8	static
../Core/Src/main.c:904:13:MX_USART2_UART_Init	8	static
../Core/Src/main.c:937:13:MX_GPIO_Init	48	static
../Core/Src/main.c:1036:6:Error_Handler	4	static,ignoring_inline_asm
