../Core/Src/main.c:72:5:__io_putchar	16	static
../Core/Src/main.c:88:5:main	8	static
../Core/Src/main.c:137:6:SystemClock_Config	88	static
../Core/Src/main.c:183:13:MX_TIM2_Init	32	static
../Core/Src/main.c:228:13:MX_TIM3_Init	32	static
../Core/Src/main.c:273:13:MX_USART1_UART_Init	8	static
../Core/Src/main.c:306:13:MX_USART2_UART_Init	8	static
../Core/Src/main.c:339:13:MX_GPIO_Init	48	static
../Core/Src/main.c:400:6:buttons_init	4	static
../Core/Src/main.c:405:6:drive_column	4	static
../Core/Src/main.c:411:9:read_rows	4	static
../Core/Src/main.c:415:6:clean_buffer_bt	16	static
../Core/Src/main.c:422:6:clean_buffer	4	static
../Core/Src/main.c:434:6:right_stick_emulate	4	static
../Core/Src/main.c:446:6:HAL_TIM_PeriodElapsedCallback	32	static
../Core/Src/main.c:469:6:Error_Handler	4	static,ignoring_inline_asm
