../Core/Src/main.c:76:1:__io_putchar	16	static
../Core/Src/main.c:85:19:BQ27441_i2cWriteBytes	32	static
../Core/Src/main.c:88:19:BQ27441_i2cReadBytes	32	static
../Core/Src/main.c:91:10:BQ27441_readWord	32	static
../Core/Src/main.c:97:10:BQ27441_soc	32	static
../Core/Src/main.c:110:10:BQ27441_voltage	8	static
../Core/Src/main.c:113:9:BQ27441_power	8	static
../Core/Src/main.c:116:10:BQ27441_deviceType	16	static
../Core/Src/main.c:131:6:BQ27441_init	16	static
../Core/Src/main.c:150:5:main	40	static
../Core/Src/main.c:248:6:SystemClock_Config	112	static
../Core/Src/main.c:291:13:MX_I2C1_Init	8	static
../Core/Src/main.c:339:13:MX_USART2_UART_Init	8	static
../Core/Src/main.c:374:13:MX_GPIO_Init	48	static
../Core/Src/main.c:402:6:Error_Handler	8	static,ignoring_inline_asm
