Archive member included to satisfy reference by file (symbol)

c:/st/stm32cubeide_1.11.0/stm32cubeide/plugins/com.st.stm32cube.ide.mcu.externaltools.gnu-tools-for-stm32.10.3-2021.10.win32_1.0.100.202210260954/tools/bin/../lib/gcc/arm-none-eabi/10.3.1/../../../../arm-none-eabi/lib/thumb/v6-m/nofp\libc_nano.a(lib_a-errno.o)
                              ./Core/Src/syscalls.o (__errno)
c:/st/stm32cubeide_1.11.0/stm32cubeide/plugins/com.st.stm32cube.ide.mcu.externaltools.gnu-tools-for-stm32.10.3-2021.10.win32_1.0.100.202210260954/tools/bin/../lib/gcc/arm-none-eabi/10.3.1/../../../../arm-none-eabi/lib/thumb/v6-m/nofp\libc_nano.a(lib_a-exit.o)
                              c:/st/stm32cubeide_1.11.0/stm32cubeide/plugins/com.st.stm32cube.ide.mcu.externaltools.gnu-tools-for-stm32.10.3-2021.10.win32_1.0.100.202210260954/tools/bin/../lib/gcc/arm-none-eabi/10.3.1/../../../../arm-none-eabi/lib/thumb/v6-m/nofp/crt0.o (exit)
c:/st/stm32cubeide_1.11.0/stm32cubeide/plugins/com.st.stm32cube.ide.mcu.externaltools.gnu-tools-for-stm32.10.3-2021.10.win32_1.0.100.202210260954/tools/bin/../lib/gcc/arm-none-eabi/10.3.1/../../../../arm-none-eabi/lib/thumb/v6-m/nofp\libc_nano.a(lib_a-impure.o)
                              c:/st/stm32cubeide_1.11.0/stm32cubeide/plugins/com.st.stm32cube.ide.mcu.externaltools.gnu-tools-for-stm32.10.3-2021.10.win32_1.0.100.202210260954/tools/bin/../lib/gcc/arm-none-eabi/10.3.1/../../../../arm-none-eabi/lib/thumb/v6-m/nofp\libc_nano.a(lib_a-exit.o) (_global_impure_ptr)
c:/st/stm32cubeide_1.11.0/stm32cubeide/plugins/com.st.stm32cube.ide.mcu.externaltools.gnu-tools-for-stm32.10.3-2021.10.win32_1.0.100.202210260954/tools/bin/../lib/gcc/arm-none-eabi/10.3.1/../../../../arm-none-eabi/lib/thumb/v6-m/nofp\libc_nano.a(lib_a-init.o)
                              c:/st/stm32cubeide_1.11.0/stm32cubeide/plugins/com.st.stm32cube.ide.mcu.externaltools.gnu-tools-for-stm32.10.3-2021.10.win32_1.0.100.202210260954/tools/bin/../lib/gcc/arm-none-eabi/10.3.1/../../../../arm-none-eabi/lib/thumb/v6-m/nofp/crt0.o (__libc_init_array)
c:/st/stm32cubeide_1.11.0/stm32cubeide/plugins/com.st.stm32cube.ide.mcu.externaltools.gnu-tools-for-stm32.10.3-2021.10.win32_1.0.100.202210260954/tools/bin/../lib/gcc/arm-none-eabi/10.3.1/../../../../arm-none-eabi/lib/thumb/v6-m/nofp\libc_nano.a(lib_a-memset.o)
                              c:/st/stm32cubeide_1.11.0/stm32cubeide/plugins/com.st.stm32cube.ide.mcu.externaltools.gnu-tools-for-stm32.10.3-2021.10.win32_1.0.100.202210260954/tools/bin/../lib/gcc/arm-none-eabi/10.3.1/../../../../arm-none-eabi/lib/thumb/v6-m/nofp/crt0.o (memset)
c:/st/stm32cubeide_1.11.0/stm32cubeide/plugins/com.st.stm32cube.ide.mcu.externaltools.gnu-tools-for-stm32.10.3-2021.10.win32_1.0.100.202210260954/tools/bin/../lib/gcc/arm-none-eabi/10.3.1/thumb/v6-m/nofp\libgcc.a(_udivsi3.o)
                              ./Core/Src/system_stm32f0xx.o (__aeabi_uidiv)
c:/st/stm32cubeide_1.11.0/stm32cubeide/plugins/com.st.stm32cube.ide.mcu.externaltools.gnu-tools-for-stm32.10.3-2021.10.win32_1.0.100.202210260954/tools/bin/../lib/gcc/arm-none-eabi/10.3.1/thumb/v6-m/nofp\libgcc.a(_dvmd_tls.o)
                              c:/st/stm32cubeide_1.11.0/stm32cubeide/plugins/com.st.stm32cube.ide.mcu.externaltools.gnu-tools-for-stm32.10.3-2021.10.win32_1.0.100.202210260954/tools/bin/../lib/gcc/arm-none-eabi/10.3.1/thumb/v6-m/nofp\libgcc.a(_udivsi3.o) (__aeabi_idiv0)

Discarded input sections

 .text          0x0000000000000000        0x0 c:/st/stm32cubeide_1.11.0/stm32cubeide/plugins/com.st.stm32cube.ide.mcu.externaltools.gnu-tools-for-stm32.10.3-2021.10.win32_1.0.100.202210260954/tools/bin/../lib/gcc/arm-none-eabi/10.3.1/thumb/v6-m/nofp/crti.o
 .data          0x0000000000000000        0x0 c:/st/stm32cubeide_1.11.0/stm32cubeide/plugins/com.st.stm32cube.ide.mcu.externaltools.gnu-tools-for-stm32.10.3-2021.10.win32_1.0.100.202210260954/tools/bin/../lib/gcc/arm-none-eabi/10.3.1/thumb/v6-m/nofp/crti.o
 .bss           0x0000000000000000        0x0 c:/st/stm32cubeide_1.11.0/stm32cubeide/plugins/com.st.stm32cube.ide.mcu.externaltools.gnu-tools-for-stm32.10.3-2021.10.win32_1.0.100.202210260954/tools/bin/../lib/gcc/arm-none-eabi/10.3.1/thumb/v6-m/nofp/crti.o
 .data          0x0000000000000000        0x4 c:/st/stm32cubeide_1.11.0/stm32cubeide/plugins/com.st.stm32cube.ide.mcu.externaltools.gnu-tools-for-stm32.10.3-2021.10.win32_1.0.100.202210260954/tools/bin/../lib/gcc/arm-none-eabi/10.3.1/thumb/v6-m/nofp/crtbegin.o
 .rodata        0x0000000000000000       0x24 c:/st/stm32cubeide_1.11.0/stm32cubeide/plugins/com.st.stm32cube.ide.mcu.externaltools.gnu-tools-for-stm32.10.3-2021.10.win32_1.0.100.202210260954/tools/bin/../lib/gcc/arm-none-eabi/10.3.1/thumb/v6-m/nofp/crtbegin.o
 .text          0x0000000000000000       0x80 c:/st/stm32cubeide_1.11.0/stm32cubeide/plugins/com.st.stm32cube.ide.mcu.externaltools.gnu-tools-for-stm32.10.3-2021.10.win32_1.0.100.202210260954/tools/bin/../lib/gcc/arm-none-eabi/10.3.1/../../../../arm-none-eabi/lib/thumb/v6-m/nofp/crt0.o
[...]
Memory Configuration

Name             Origin             Length             Attributes
RAM              0x0000000020000000 0x0000000000001800 xrw
FLASH            0x0000000008000000 0x0000000000008000 xr
*default*        0x0000000000000000 0xffffffffffffffff

Linker script and memory map

LOAD c:/st/stm32cubeide_1.11.0/stm32cubeide/plugins/com.st.stm32cube.ide.mcu.externaltools.gnu-tools-for-stm32.10.3-2021.10.win32_1.0.100.202210260954/tools/bin/../lib/gcc/arm-none-eabi/10.3.1/thumb/v6-m/nofp/crti.o
LOAD c:/st/stm32cubeide_1.11.0/stm32cubeide/plugins/com.st.stm32cube.ide.mcu.externaltools.gnu-tools-for-stm32.10.3-2021.10.win32_1.0.100.202210260954/tools/bin/../lib/gcc/arm-none-eabi/10.3.1/thumb/v6-m/nofp/crtbegin.o
LOAD c:/st/stm32cubeide_1.11.0/stm32cubeide/plugins/com.st.stm32cube.ide.mcu.externaltools.gnu-tools-for-stm32.10.3-2021.10.win32_1.0.100.202210260954/tools/bin/../lib/gcc/arm-none-eabi/10.3.1/../../../../arm-none-eabi/lib/thumb/v6-m/nofp/crt0.o
LOAD ./Core/Src/main.o
LOAD ./Core/Src/stm32f0xx_hal_msp.o
LOAD ./Core/Src/stm32f0xx_it.o
LOAD ./Core/Src/syscalls.o
LOAD ./Core/Src/sysmem.o
LOAD ./Core/Src/system_stm32f0xx.o
LOAD ./Core/Startup/startup_stm32f042k6tx.o
LOAD ./Drivers/STM32F0xx_HAL_Driver/Src/stm32f0xx_hal.o
LOAD ./Drivers/STM32F0xx_HAL_Driver/Src/stm32f0xx_hal_cortex.o
LOAD ./Drivers/STM32F0xx_HAL_Driver/Src/stm32f0xx_hal_dma.o
LOAD ./Drivers/STM32F0xx_HAL_Driver/Src/stm32f0xx_hal_exti.o
LOAD ./Drivers/STM32F0xx_HAL_Driver/Src/stm32f0xx_hal_flash.o
LOAD ./Drivers/STM32F0xx_HAL_Driver/Src/stm32f0xx_hal_flash_ex.o
LOAD ./Drivers/STM32F0xx_HAL_Driver/Src/stm32f0xx_hal_gpio.o
LOAD ./Drivers/STM32F0xx_HAL_Driver/Src/stm32f0xx_hal_i2c.o
LOAD ./Drivers/STM32F0xx_HAL_Driver/Src/stm32f0xx_hal_i2c_ex.o
LOAD ./Drivers/STM32F0xx_HAL_Driver/Src/stm32f0xx_hal_pcd.o
LOAD ./Drivers/STM32F0xx_HAL_Driver/Src/stm32f0xx_hal_pcd_ex.o
LOAD ./Drivers/STM32F0xx_HAL_Driver/Src/stm32f0xx_hal_pwr.o
LOAD ./Drivers/STM32F0xx_HAL_Driver/Src/stm32f0xx_hal_pwr_ex.o
LOAD ./Drivers/STM32F0xx_HAL_Driver/Src/stm32f0xx_hal_rcc.o
LOAD ./Drivers/STM32F0xx_HAL_Driver/Src/stm32f0xx_hal_rcc_ex.o
LOAD ./Drivers/STM32F0xx_HAL_Driver/Src/stm32f0xx_ll_usb.o
LOAD ./Middlewares/ST/STM32_USB_Device_Library/Class/HID/Src/usbd_hid.o
LOAD ./Middlewares/ST/STM32_USB_Device_Library/Core/Src/usbd_core.o
LOAD ./Middlewares/ST/STM32_USB_Device_Library/Core/Src/usbd_ctlreq.o
LOAD ./Middlewares/ST/STM32_USB_Device_Library/Core/Src/usbd_ioreq.o
LOAD ./USB_DEVICE/App/usb_device.o
LOAD ./USB_DEVICE/App/usbd_desc.o
LOAD ./USB_DEVICE/Target/usbd_conf.o
START GROUP
LOAD c:/st/stm32cubeide_1.11.0/stm32cubeide/plugins/com.st.stm32cube.ide.mcu.externaltools.gnu-tools-for-stm32.10.3-2021.10.win32_1.0.100.202210260954/tools/bin/../lib/gcc/arm-none-eabi/10.3.1/../../../../arm-none-eabi/lib/thumb/v6-m/nofp\libc_nano.a
LOAD c:/st/stm32cubeide_1.11.0/stm32cubeide/plugins/com.st.stm32cube.ide.mcu.externaltools.gnu-tools-for-stm32.10.3-2021.10.win32_1.0.100.202210260954/tools/bin/../lib/gcc/arm-none-eabi/10.3.1/../../../../arm-none-eabi/lib/thumb/v6-m/nofp\libm.a
END GROUP
START GROUP
LOAD c:/st/stm32cubeide_1.11.0/stm32cubeide/plugins/com.st.stm32cube.ide.mcu.externaltools.gnu-tools-for-stm32.10.3-2021.10.win32_1.0.100.202210260954/tools/bin/../lib/gcc/arm-none-eabi/10.3.1/thumb/v6-m/nofp\libgcc.a
LOAD c:/st/stm32cubeide_1.11.0/stm32cubeide/plugins/com.st.stm32cube.ide.mcu.externaltools.gnu-tools-for-stm32.10.3-2021.10.win32_1.0.100.202210260954/tools/bin/../lib/gcc/arm-none-eabi/10.3.1/../../../../arm-none-eabi/lib/thumb/v6-m/nofp\libc_nano.a
END GROUP
START GROUP
LOAD c:/st/stm32cubeide_1.11.0/stm32cubeide/plugins/com.st.stm32cube.ide.mcu.externaltools.gnu-tools-for-stm32.10.3-2021.10.win32_1.0.100.202210260954/tools/bin/../lib/gcc/arm-none-eabi/10.3.1/thumb/v6-m/nofp\libgcc.a
LOAD c:/st/stm32cubeide_1.11.0/stm32cubeide/plugins/com.st.stm32cube.ide.mcu.externaltools.gnu-tools-for-stm32.10.3-2021.10.win32_1.0.100.202210260954/tools/bin/../lib/gcc/arm-none-eabi/10.3.1/../../../../arm-none-eabi/lib/thumb/v6-m/nofp\libc_nano.a
LOAD c:/st/stm32cubeide_1.11.0/stm32cubeide/plugins/com.st.stm32cube.ide.mcu.externaltools.gnu-tools-for-stm32.10.3-2021.10.win32_1.0.100.202210260954/tools/bin/../lib/gcc/arm-none-eabi/10.3.1/../../../../arm-none-eabi/lib/thumb/v6-m/nofp\libnosys.a
END GROUP
START GROUP
LOAD c:/st/stm32cubeide_1.11.0/stm32cubeide/plugins/com.st.stm32cube.ide.mcu.externaltools.gnu-tools-for-stm32.10.3-2021.10.win32_1.0.100.202210260954/tools/bin/../lib/gcc/arm-none-eabi/10.3.1/thumb/v6-m/nofp\libgcc.a
LOAD c:/st/stm32cubeide_1.11.0/stm32cubeide/plugins/com.st.stm32cube.ide.mcu.externaltools.gnu-tools-for-stm32.10.3-2021.10.win32_1.0.100.202210260954/tools/bin/../lib/gcc/arm-none-eabi/10.3.1/../../../../arm-none-eabi/lib/thumb/v6-m/nofp\libc_nano.a
LOAD c:/st/stm32cubeide_1.11.0/stm32cubeide/plugins/com.st.stm32cube.ide.mcu.externaltools.gnu-tools-for-stm32.10.3-2021.10.win32_1.0.100.202210260954/tools/bin/../lib/gcc/arm-none-eabi/10.3.1/../../../../arm-none-eabi/lib/thumb/v6-m/nofp\libnosys.a
END GROUP
LOAD c:/st/stm32cubeide_1.11.0/stm32cubeide/plugins/com.st.stm32cube.ide.mcu.externaltools.gnu-tools-for-stm32.10.3-2021.10.win32_1.0.100.202210260954/tools/bin/../lib/gcc/arm-none-eabi/10.3.1/thumb/v6-m/nofp/crtend.o
LOAD c:/st/stm32cubeide_1.11.0/stm32cubeide/plugins/com.st.stm32cube.ide.mcu.externaltools.gnu-tools-for-stm32.10.3-2021.10.win32_1.0.100.202210260954/tools/bin/../lib/gcc/arm-none-eabi/10.3.1/thumb/v6-m/nofp/crtn.o
                0x0000000020001800                _estack = (ORIGIN (RAM) + LENGTH (RAM))
                0x0000000000000200                _Min_Heap_Size = 0x200
                0x0000000000000400                _Min_Stack_Size = 0x400

.isr_vector     0x0000000008000000       0xc0
                0x0000000008000000                . = ALIGN (0x4)
 *(.isr_vector)
 .isr_vector    0x0000000008000000       0xc0 ./Core/Startup/startup_stm32f042k6tx.o
                0x0000000008000000                g_pfnVectors
                0x00000000080000c0                . = ALIGN (0x4)

.text           0x00000000080000c0     0x7438
                0x00000000080000c0                . = ALIGN (0x4)
 *(.text)
 .text          0x00000000080000c0       0x48 c:/st/stm32cubeide_1.11.0/stm32cubeide/plugins/com.st.stm32cube.ide.mcu.externaltools.gnu-tools-for-stm32.10.3-2021.10.win32_1.0.100.202210260954/tools/bin/../lib/gcc/arm-none-eabi/10.3.1/thumb/v6-m/nofp/crtbegin.o
 .text          0x0000000008000108      0x114 c:/st/stm32cubeide_1.11.0/stm32cubeide/plugins/com.st.stm32cube.ide.mcu.externaltools.gnu-tools-for-stm32.10.3-2021.10.win32_1.0.100.202210260954/tools/bin/../lib/gcc/arm-none-eabi/10.3.1/thumb/v6-m/nofp\libgcc.a(_udivsi3.o)
                0x0000000008000108                __aeabi_uidiv
                0x0000000008000108                __udivsi3
                0x0000000008000214                __aeabi_uidivmod
 .text          0x000000000800021c        0x4 c:/st/stm32cubeide_1.11.0/stm32cubeide/plugins/com.st.stm32cube.ide.mcu.externaltools.gnu-tools-for-stm32.10.3-2021.10.win32_1.0.100.202210260954/tools/bin/../lib/gcc/arm-none-eabi/10.3.1/thumb/v6-m/nofp\libgcc.a(_dvmd_tls.o)
                0x000000000800021c                __aeabi_idiv0
                0x000000000800021c                __aeabi_ldiv0
 *(.text*)
 .text.main     0x0000000008000220       0x60 ./Core/Src/main.o
                0x0000000008000220                main
 .text.SystemClock_Config
                0x0000000008000280       0xa8 ./Core/Src/main.o
                0x0000000008000280                SystemClock_Config
 .text.MX_GPIO_Init
                0x0000000008000328       0x5c ./Core/Src/main.o
 .text.Error_Handler
                0x0000000008000384        0xa ./Core/Src/main.o
                0x0000000008000384                Error_Handler
 *fill*         0x000000000800038e        0x2 
 .text.HAL_MspInit
                0x0000000008000390       0x48 ./Core/Src/stm32f0xx_hal_msp.o
                0x0000000008000390                HAL_MspInit
 .text.NMI_Handler
                0x00000000080003d8        0x6 ./Core/Src/stm32f0xx_it.o
                0x00000000080003d8                NMI_Handler
 .text.HardFault_Handler
                0x00000000080003de        0x6 ./Core/Src/stm32f0xx_it.o
                0x00000000080003de                HardFault_Handler
 .text.SVC_Handler
                0x00000000080003e4        0xa ./Core/Src/stm32f0xx_it.o
                0x00000000080003e4                SVC_Handler
 .text.PendSV_Handler
                0x00000000080003ee        0xa ./Core/Src/stm32f0xx_it.o
                0x00000000080003ee                PendSV_Handler
 .text.SysTick_Handler
                0x00000000080003f8        0xe ./Core/Src/stm32f0xx_it.o
                0x00000000080003f8                SysTick_Handler
 *fill*         0x0000000008000406        0x2 
 .text.USB_IRQHandler
                0x0000000008000408       0x18 ./Core/Src/stm32f0xx_it.o
                0x0000000008000408                USB_IRQHandler
 .text.SystemInit
                0x0000000008000420        0xa ./Core/Src/system_stm32f0xx.o
                0x0000000008000420                SystemInit
 *fill*         0x000000000800042a        0x2 
 .text.Reset_Handler
                0x000000000800042c       0x80 ./Core/Startup/startup_stm32f042k6tx.o
                0x000000000800042c                Reset_Handler
 .text.Default_Handler
                0x00000000080004ac        0x2 ./Core/Startup/startup_stm32f042k6tx.o
                0x00000000080004ac                TIM1_CC_IRQHandler
                0x00000000080004ac                TSC_IRQHandler
                0x00000000080004ac                I2C1_IRQHandler
                0x00000000080004ac                RCC_CRS_IRQHandler
                0x00000000080004ac                SPI1_IRQHandler
                0x00000000080004ac                EXTI2_3_IRQHandler
                0x00000000080004ac                ADC1_IRQHandler
                0x00000000080004ac                TIM17_IRQHandler
                0x00000000080004ac                CEC_CAN_IRQHandler
                0x00000000080004ac                RTC_IRQHandler
                0x00000000080004ac                PVD_VDDIO2_IRQHandler
                0x00000000080004ac                TIM16_IRQHandler
                0x00000000080004ac                TIM3_IRQHandler
                0x00000000080004ac                EXTI4_15_IRQHandler
                0x00000000080004ac                DMA1_Channel1_IRQHandler
                0x00000000080004ac                Default_Handler
                0x00000000080004ac                TIM14_IRQHandler
                0x00000000080004ac                DMA1_Channel4_5_IRQHandler
                0x00000000080004ac                EXTI0_1_IRQHandler
                0x00000000080004ac                SPI2_IRQHandler
                0x00000000080004ac                WWDG_IRQHandler
                0x00000000080004ac                TIM2_IRQHandler
                0x00000000080004ac                DMA1_Channel2_3_IRQHandler
                0x00000000080004ac                USART2_IRQHandler
                0x00000000080004ac                FLASH_IRQHandler
                0x00000000080004ac                USART1_IRQHandler
                0x00000000080004ac                TIM1_BRK_UP_TRG_COM_IRQHandler
 *fill*         0x00000000080004ae        0x2 
 .text.HAL_Init
                0x00000000080004b0       0x28 ./Drivers/STM32F0xx_HAL_Driver/Src/stm32f0xx_hal.o
                0x00000000080004b0                HAL_Init
 .text.HAL_InitTick
                0x00000000080004d8       0x68 ./Drivers/STM32F0xx_HAL_Driver/Src/stm32f0xx_hal.o
                0x00000000080004d8                HAL_InitTick
 .text.HAL_IncTick
                0x0000000008000540       0x24 ./Drivers/STM32F0xx_HAL_Driver/Src/stm32f0xx_hal.o
                0x0000000008000540                HAL_IncTick
 .text.HAL_GetTick
                0x0000000008000564       0x14 ./Drivers/STM32F0xx_HAL_Driver/Src/stm32f0xx_hal.o
                0x0000000008000564                HAL_GetTick
 .text.HAL_Delay
                0x0000000008000578       0x48 ./Drivers/STM32F0xx_HAL_Driver/Src/stm32f0xx_hal.o
                0x0000000008000578                HAL_Delay
 .text.__NVIC_EnableIRQ
                0x00000000080005c0       0x34 ./Drivers/STM32F0xx_HAL_Driver/Src/stm32f0xx_hal_cortex.o
 .text.__NVIC_SetPriority
                0x00000000080005f4       0xdc ./Drivers/STM32F0xx_HAL_Driver/Src/stm32f0xx_hal_cortex.o
 .text.SysTick_Config
                0x00000000080006d0       0x48 ./Drivers/STM32F0xx_HAL_Driver/Src/stm32f0xx_hal_cortex.o
 .text.HAL_NVIC_SetPriority
                0x0000000008000718       0x2a ./Drivers/STM32F0xx_HAL_Driver/Src/stm32f0xx_hal_cortex.o
                0x0000000008000718                HAL_NVIC_SetPriority
 .text.HAL_NVIC_EnableIRQ
                0x0000000008000742       0x20 ./Drivers/STM32F0xx_HAL_Driver/Src/stm32f0xx_hal_cortex.o
                0x0000000008000742                HAL_NVIC_EnableIRQ
 .text.HAL_SYSTICK_Config
                0x0000000008000762       0x1a ./Drivers/STM32F0xx_HAL_Driver/Src/stm32f0xx_hal_cortex.o
                0x0000000008000762                HAL_SYSTICK_Config
 .text.HAL_GPIO_Init
                0x000000000800077c      0x2d0 ./Drivers/STM32F0xx_HAL_Driver/Src/stm32f0xx_hal_gpio.o
                0x000000000800077c                HAL_GPIO_Init
 .text.HAL_GPIO_ReadPin
                0x0000000008000a4c       0x3a ./Drivers/STM32F0xx_HAL_Driver/Src/stm32f0xx_hal_gpio.o
                0x0000000008000a4c                HAL_GPIO_ReadPin
 *fill*         0x0000000008000a86        0x2 
 .text.HAL_PCD_Init
                0x0000000008000a88      0x200 ./Drivers/STM32F0xx_HAL_Driver/Src/stm32f0xx_hal_pcd.o
                0x0000000008000a88                HAL_PCD_Init
 .text.HAL_PCD_Start
                0x0000000008000c88       0x4a ./Drivers/STM32F0xx_HAL_Driver/Src/stm32f0xx_hal_pcd.o
                0x0000000008000c88                HAL_PCD_Start
 *fill*         0x0000000008000cd2        0x2 
 .text.HAL_PCD_IRQHandler
                0x0000000008000cd4      0x288 ./Drivers/STM32F0xx_HAL_Driver/Src/stm32f0xx_hal_pcd.o
                0x0000000008000cd4                HAL_PCD_IRQHandler
 .text.HAL_PCD_SetAddress
                0x0000000008000f5c       0x56 ./Drivers/STM32F0xx_HAL_Driver/Src/stm32f0xx_hal_pcd.o
                0x0000000008000f5c                HAL_PCD_SetAddress
 .text.HAL_PCD_EP_Open
                0x0000000008000fb2       0xde ./Drivers/STM32F0xx_HAL_Driver/Src/stm32f0xx_hal_pcd.o
                0x0000000008000fb2                HAL_PCD_EP_Open
 .text.HAL_PCD_EP_Close
                0x0000000008001090       0xa2 ./Drivers/STM32F0xx_HAL_Driver/Src/stm32f0xx_hal_pcd.o
                0x0000000008001090                HAL_PCD_EP_Close
 .text.HAL_PCD_EP_Receive
                0x0000000008001132       0x6e ./Drivers/STM32F0xx_HAL_Driver/Src/stm32f0xx_hal_pcd.o
                0x0000000008001132                HAL_PCD_EP_Receive
 .text.HAL_PCD_EP_Transmit
                0x00000000080011a0       0x78 ./Drivers/STM32F0xx_HAL_Driver/Src/stm32f0xx_hal_pcd.o
                0x00000000080011a0                HAL_PCD_EP_Transmit
 .text.HAL_PCD_EP_SetStall
                0x0000000008001218       0xb8 ./Drivers/STM32F0xx_HAL_Driver/Src/stm32f0xx_hal_pcd.o
                0x0000000008001218                HAL_PCD_EP_SetStall
 .text.HAL_PCD_EP_ClrStall
                0x00000000080012d0       0xbc ./Drivers/STM32F0xx_HAL_Driver/Src/stm32f0xx_hal_pcd.o
                0x00000000080012d0                HAL_PCD_EP_ClrStall
 .text.PCD_EP_ISR_Handler
                0x000000000800138c      0x80c ./Drivers/STM32F0xx_HAL_Driver/Src/stm32f0xx_hal_pcd.o
 .text.HAL_PCD_EP_DB_Receive
                0x0000000008001b98      0x238 ./Drivers/STM32F0xx_HAL_Driver/Src/stm32f0xx_hal_pcd.o
 .text.HAL_PCD_EP_DB_Transmit
                0x0000000008001dd0      0x820 ./Drivers/STM32F0xx_HAL_Driver/Src/stm32f0xx_hal_pcd.o
 .text.HAL_PCDEx_PMAConfig
                0x00000000080025f0       0x9c ./Drivers/STM32F0xx_HAL_Driver/Src/stm32f0xx_hal_pcd_ex.o
                0x00000000080025f0                HAL_PCDEx_PMAConfig
 .text.HAL_PCDEx_ActivateLPM
                0x000000000800268c       0x54 ./Drivers/STM32F0xx_HAL_Driver/Src/stm32f0xx_hal_pcd_ex.o
                0x000000000800268c                HAL_PCDEx_ActivateLPM
 .text.HAL_PCDEx_LPM_Callback
                0x00000000080026e0       0x16 ./Drivers/STM32F0xx_HAL_Driver/Src/stm32f0xx_hal_pcd_ex.o
                0x00000000080026e0                HAL_PCDEx_LPM_Callback
 *fill*         0x00000000080026f6        0x2 
 .text.HAL_RCC_OscConfig
                0x00000000080026f8      0x70c ./Drivers/STM32F0xx_HAL_Driver/Src/stm32f0xx_hal_rcc.o
                0x00000000080026f8                HAL_RCC_OscConfig
 .text.HAL_RCC_ClockConfig
                0x0000000008002e04      0x1b4 ./Drivers/STM32F0xx_HAL_Driver/Src/stm32f0xx_hal_rcc.o
                0x0000000008002e04                HAL_RCC_ClockConfig
 .text.HAL_RCC_GetSysClockFreq
                0x0000000008002fb8       0xe4 ./Drivers/STM32F0xx_HAL_Driver/Src/stm32f0xx_hal_rcc.o
                0x0000000008002fb8                HAL_RCC_GetSysClockFreq
 .text.HAL_RCCEx_PeriphCLKConfig
                0x000000000800309c      0x1dc ./Drivers/STM32F0xx_HAL_Driver/Src/stm32f0xx_hal_rcc_ex.o
                0x000000000800309c                HAL_RCCEx_PeriphCLKConfig
 .text.USB_EnableGlobalInt
                0x0000000008003278       0x2c ./Drivers/STM32F0xx_HAL_Driver/Src/stm32f0xx_ll_usb.o
                0x0000000008003278                USB_EnableGlobalInt
 .text.USB_DisableGlobalInt
                0x00000000080032a4       0x34 ./Drivers/STM32F0xx_HAL_Driver/Src/stm32f0xx_ll_usb.o
                0x00000000080032a4                USB_DisableGlobalInt
 .text.USB_DevInit
                0x00000000080032d8       0x4e ./Drivers/STM32F0xx_HAL_Driver/Src/stm32f0xx_ll_usb.o
                0x00000000080032d8                USB_DevInit
 *fill*         0x0000000008003326        0x2 
 .text.USB_ActivateEndpoint
                0x0000000008003328      0x744 ./Drivers/STM32F0xx_HAL_Driver/Src/stm32f0xx_ll_usb.o
                0x0000000008003328                USB_ActivateEndpoint
 .text.USB_DeactivateEndpoint
                0x0000000008003a6c      0x380 ./Drivers/STM32F0xx_HAL_Driver/Src/stm32f0xx_ll_usb.o
                0x0000000008003a6c                USB_DeactivateEndpoint
 .text.USB_EPStartXfer
                0x0000000008003dec     0x1270 ./Drivers/STM32F0xx_HAL_Driver/Src/stm32f0xx_ll_usb.o
                0x0000000008003dec                USB_EPStartXfer
 .text.USB_EPSetStall
                0x000000000800505c       0xa0 ./Drivers/STM32F0xx_HAL_Driver/Src/stm32f0xx_ll_usb.o
                0x000000000800505c                USB_EPSetStall
 .text.USB_EPClearStall
                0x00000000080050fc      0x164 ./Drivers/STM32F0xx_HAL_Driver/Src/stm32f0xx_ll_usb.o
                0x00000000080050fc                USB_EPClearStall
 .text.USB_SetDevAddress
                0x0000000008005260       0x28 ./Drivers/STM32F0xx_HAL_Driver/Src/stm32f0xx_ll_usb.o
                0x0000000008005260                USB_SetDevAddress
 .text.USB_DevConnect
                0x0000000008005288       0x2c ./Drivers/STM32F0xx_HAL_Driver/Src/stm32f0xx_ll_usb.o
                0x0000000008005288                USB_DevConnect
 .text.USB_ReadInterrupts
                0x00000000080052b4       0x1c ./Drivers/STM32F0xx_HAL_Driver/Src/stm32f0xx_ll_usb.o
                0x00000000080052b4                USB_ReadInterrupts
 .text.USB_WritePMA
                0x00000000080052d0       0x92 ./Drivers/STM32F0xx_HAL_Driver/Src/stm32f0xx_ll_usb.o
                0x00000000080052d0                USB_WritePMA
 .text.USB_ReadPMA
                0x0000000008005362       0x9e ./Drivers/STM32F0xx_HAL_Driver/Src/stm32f0xx_ll_usb.o
                0x0000000008005362                USB_ReadPMA
 .text.USBD_HID_Init
                0x0000000008005400       0x56 ./Middlewares/ST/STM32_USB_Device_Library/Class/HID/Src/usbd_hid.o
 .text.USBD_HID_DeInit
                0x0000000008005456       0x4c ./Middlewares/ST/STM32_USB_Device_Library/Class/HID/Src/usbd_hid.o
 *fill*         0x00000000080054a2        0x2 
 .text.USBD_HID_Setup
                0x00000000080054a4      0x21c ./Middlewares/ST/STM32_USB_Device_Library/Class/HID/Src/usbd_hid.o
 .text.USBD_HID_SendReport
                0x00000000080056c0       0x4a ./Middlewares/ST/STM32_USB_Device_Library/Class/HID/Src/usbd_hid.o
                0x00000000080056c0                USBD_HID_SendReport
 *fill*         0x000000000800570a        0x2 
 .text.USBD_HID_GetFSCfgDesc
                0x000000000800570c       0x1c ./Middlewares/ST/STM32_USB_Device_Library/Class/HID/Src/usbd_hid.o
 .text.USBD_HID_GetHSCfgDesc
                0x0000000008005728       0x1c ./Middlewares/ST/STM32_USB_Device_Library/Class/HID/Src/usbd_hid.o
 .text.USBD_HID_GetOtherSpeedCfgDesc
                0x0000000008005744       0x1c ./Middlewares/ST/STM32_USB_Device_Library/Class/HID/Src/usbd_hid.o
 .text.USBD_HID_DataIn
                0x0000000008005760       0x24 ./Middlewares/ST/STM32_USB_Device_Library/Class/HID/Src/usbd_hid.o
 .text.USBD_HID_GetDeviceQualifierDesc
                0x0000000008005784       0x1c ./Middlewares/ST/STM32_USB_Device_Library/Class/HID/Src/usbd_hid.o
 .text.USBD_Init
                0x00000000080057a0       0x62 ./Middlewares/ST/STM32_USB_Device_Library/Core/Src/usbd_core.o
                0x00000000080057a0                USBD_Init
 .text.USBD_RegisterClass
                0x0000000008005802       0x40 ./Middlewares/ST/STM32_USB_Device_Library/Core/Src/usbd_core.o
                0x0000000008005802                USBD_RegisterClass
 .text.USBD_Start
                0x0000000008005842       0x1a ./Middlewares/ST/STM32_USB_Device_Library/Core/Src/usbd_core.o
                0x0000000008005842                USBD_Start
 .text.USBD_RunTestMode
                0x000000000800585c       0x12 ./Middlewares/ST/STM32_USB_Device_Library/Core/Src/usbd_core.o
                0x000000000800585c                USBD_RunTestMode
 .text.USBD_SetClassConfig
                0x000000000800586e       0x4e ./Middlewares/ST/STM32_USB_Device_Library/Core/Src/usbd_core.o
                0x000000000800586e                USBD_SetClassConfig
 .text.USBD_ClrClassConfig
                0x00000000080058bc       0x2c ./Middlewares/ST/STM32_USB_Device_Library/Core/Src/usbd_core.o
                0x00000000080058bc                USBD_ClrClassConfig
 .text.USBD_LL_SetupStage
                0x00000000080058e8       0xbc ./Middlewares/ST/STM32_USB_Device_Library/Core/Src/usbd_core.o
                0x00000000080058e8                USBD_LL_SetupStage
 .text.USBD_LL_DataOutStage
                0x00000000080059a4      0x104 ./Middlewares/ST/STM32_USB_Device_Library/Core/Src/usbd_core.o
                0x00000000080059a4                USBD_LL_DataOutStage
 .text.USBD_LL_DataInStage
                0x0000000008005aa8      0x17a ./Middlewares/ST/STM32_USB_Device_Library/Core/Src/usbd_core.o
                0x0000000008005aa8                USBD_LL_DataInStage
 .text.USBD_LL_Reset
                0x0000000008005c22       0x90 ./Middlewares/ST/STM32_USB_Device_Library/Core/Src/usbd_core.o
                0x0000000008005c22                USBD_LL_Reset
 .text.USBD_LL_SetSpeed
                0x0000000008005cb2       0x20 ./Middlewares/ST/STM32_USB_Device_Library/Core/Src/usbd_core.o
                0x0000000008005cb2                USBD_LL_SetSpeed
 *fill*         0x0000000008005cd2        0x2 
 .text.USBD_LL_Suspend
                0x0000000008005cd4       0x30 ./Middlewares/ST/STM32_USB_Device_Library/Core/Src/usbd_core.o
                0x0000000008005cd4                USBD_LL_Suspend
 .text.USBD_LL_Resume
                0x0000000008005d04       0x30 ./Middlewares/ST/STM32_USB_Device_Library/Core/Src/usbd_core.o
                0x0000000008005d04                USBD_LL_Resume
 .text.USBD_LL_SOF
                0x0000000008005d34       0x3c ./Middlewares/ST/STM32_USB_Device_Library/Core/Src/usbd_core.o
                0x0000000008005d34                USBD_LL_SOF
 .text.USBD_StdDevReq
                0x0000000008005d70       0xe4 ./Middlewares/ST/STM32_USB_Device_Library/Core/Src/usbd_ctlreq.o
                0x0000000008005d70                USBD_StdDevReq
 .text.USBD_StdItfReq
                0x0000000008005e54       0xae ./Middlewares/ST/STM32_USB_Device_Library/Core/Src/usbd_ctlreq.o
                0x0000000008005e54                USBD_StdItfReq
 .text.USBD_StdEPReq
                0x0000000008005f02      0x36c ./Middlewares/ST/STM32_USB_Device_Library/Core/Src/usbd_ctlreq.o
                0x0000000008005f02                USBD_StdEPReq
 *fill*         0x000000000800626e        0x2 
 .text.USBD_GetDescriptor
                0x0000000008006270      0x364 ./Middlewares/ST/STM32_USB_Device_Library/Core/Src/usbd_ctlreq.o
 .text.USBD_SetAddress
                0x00000000080065d4       0xa8 ./Middlewares/ST/STM32_USB_Device_Library/Core/Src/usbd_ctlreq.o
 .text.USBD_SetConfig
                0x000000000800667c      0x148 ./Middlewares/ST/STM32_USB_Device_Library/Core/Src/usbd_ctlreq.o
 .text.USBD_GetConfig
                0x00000000080067c4       0x76 ./Middlewares/ST/STM32_USB_Device_Library/Core/Src/usbd_ctlreq.o
 .text.USBD_GetStatus
                0x000000000800683a       0x74 ./Middlewares/ST/STM32_USB_Device_Library/Core/Src/usbd_ctlreq.o
 .text.USBD_SetFeature
                0x00000000080068ae       0x2c ./Middlewares/ST/STM32_USB_Device_Library/Core/Src/usbd_ctlreq.o
 .text.USBD_ClrFeature
                0x00000000080068da       0x4c ./Middlewares/ST/STM32_USB_Device_Library/Core/Src/usbd_ctlreq.o
 .text.USBD_ParseSetupRequest
                0x0000000008006926       0x76 ./Middlewares/ST/STM32_USB_Device_Library/Core/Src/usbd_ctlreq.o
                0x0000000008006926                USBD_ParseSetupRequest
 .text.USBD_CtlError
                0x000000000800699c       0x26 ./Middlewares/ST/STM32_USB_Device_Library/Core/Src/usbd_ctlreq.o
                0x000000000800699c                USBD_CtlError
 .text.USBD_GetString
                0x00000000080069c2       0x9c ./Middlewares/ST/STM32_USB_Device_Library/Core/Src/usbd_ctlreq.o
                0x00000000080069c2                USBD_GetString
 .text.USBD_GetLen
                0x0000000008006a5e       0x3a ./Middlewares/ST/STM32_USB_Device_Library/Core/Src/usbd_ctlreq.o
 .text.USBD_CtlSendData
                0x0000000008006a98       0x40 ./Middlewares/ST/STM32_USB_Device_Library/Core/Src/usbd_ioreq.o
                0x0000000008006a98                USBD_CtlSendData
 .text.USBD_CtlContinueSendData
                0x0000000008006ad8       0x26 ./Middlewares/ST/STM32_USB_Device_Library/Core/Src/usbd_ioreq.o
                0x0000000008006ad8                USBD_CtlContinueSendData
 .text.USBD_CtlContinueRx
                0x0000000008006afe       0x26 ./Middlewares/ST/STM32_USB_Device_Library/Core/Src/usbd_ioreq.o
                0x0000000008006afe                USBD_CtlContinueRx
 .text.USBD_CtlSendStatus
                0x0000000008006b24       0x28 ./Middlewares/ST/STM32_USB_Device_Library/Core/Src/usbd_ioreq.o
                0x0000000008006b24                USBD_CtlSendStatus
 .text.USBD_CtlReceiveStatus
                0x0000000008006b4c       0x28 ./Middlewares/ST/STM32_USB_Device_Library/Core/Src/usbd_ioreq.o
                0x0000000008006b4c                USBD_CtlReceiveStatus
 .text.MX_USB_DEVICE_Init
                0x0000000008006b74       0x50 ./USB_DEVICE/App/usb_device.o
                0x0000000008006b74                MX_USB_DEVICE_Init
 .text.USBD_FS_DeviceDescriptor
                0x0000000008006bc4       0x24 ./USB_DEVICE/App/usbd_desc.o
                0x0000000008006bc4                USBD_FS_DeviceDescriptor
 .text.USBD_FS_LangIDStrDescriptor
                0x0000000008006be8       0x24 ./USB_DEVICE/App/usbd_desc.o
                0x0000000008006be8                USBD_FS_LangIDStrDescriptor
 .text.USBD_FS_ProductStrDescriptor
                0x0000000008006c0c       0x44 ./USB_DEVICE/App/usbd_desc.o
                0x0000000008006c0c                USBD_FS_ProductStrDescriptor
 .text.USBD_FS_ManufacturerStrDescriptor
                0x0000000008006c50       0x2c ./USB_DEVICE/App/usbd_desc.o
                0x0000000008006c50                USBD_FS_ManufacturerStrDescriptor
 .text.USBD_FS_SerialStrDescriptor
                0x0000000008006c7c       0x28 ./USB_DEVICE/App/usbd_desc.o
                0x0000000008006c7c                USBD_FS_SerialStrDescriptor
 .text.USBD_FS_ConfigStrDescriptor
                0x0000000008006ca4       0x44 ./USB_DEVICE/App/usbd_desc.o
                0x0000000008006ca4                USBD_FS_ConfigStrDescriptor
 .text.USBD_FS_InterfaceStrDescriptor
                0x0000000008006ce8       0x44 ./USB_DEVICE/App/usbd_desc.o
                0x0000000008006ce8                USBD_FS_InterfaceStrDescriptor
 .text.Get_SerialNum
                0x0000000008006d2c       0x5c ./USB_DEVICE/App/usbd_desc.o
 .text.IntToUnicode
                0x0000000008006d88       0x96 ./USB_DEVICE/App/usbd_desc.o
 *fill*         0x0000000008006e1e        0x2 
 .text.HAL_PCD_MspInit
                0x0000000008006e20       0x50 ./USB_DEVICE/Target/usbd_conf.o
                0x0000000008006e20                HAL_PCD_MspInit
 .text.HAL_PCD_SetupStageCallback
                0x0000000008006e70       0x2a ./USB_DEVICE/Target/usbd_conf.o
                0x0000000008006e70                HAL_PCD_SetupStageCallback
 .text.HAL_PCD_DataOutStageCallback
                0x0000000008006e9a       0x42 ./USB_DEVICE/Target/usbd_conf.o
                0x0000000008006e9a                HAL_PCD_DataOutStageCallback
 .text.HAL_PCD_DataInStageCallback
                0x0000000008006edc       0x3c ./USB_DEVICE/Target/usbd_conf.o
                0x0000000008006edc                HAL_PCD_DataInStageCallback
 .text.HAL_PCD_SOFCallback
                0x0000000008006f18       0x1e ./USB_DEVICE/Target/usbd_conf.o
                0x0000000008006f18                HAL_PCD_SOFCallback
 .text.HAL_PCD_ResetCallback
                0x0000000008006f36       0x48 ./USB_DEVICE/Target/usbd_conf.o
                0x0000000008006f36                HAL_PCD_ResetCallback
 *fill*         0x0000000008006f7e        0x2 
 .text.HAL_PCD_SuspendCallback
                0x0000000008006f80       0x38 ./USB_DEVICE/Target/usbd_conf.o
                0x0000000008006f80                HAL_PCD_SuspendCallback
 .text.HAL_PCD_ResumeCallback
                0x0000000008006fb8       0x3c ./USB_DEVICE/Target/usbd_conf.o
                0x0000000008006fb8                HAL_PCD_ResumeCallback
 .text.USBD_LL_Init
                0x0000000008006ff4       0xa0 ./USB_DEVICE/Target/usbd_conf.o
                0x0000000008006ff4                USBD_LL_Init
 .text.USBD_LL_Start
                0x0000000008007094       0x4a ./USB_DEVICE/Target/usbd_conf.o
                0x0000000008007094                USBD_LL_Start
 .text.USBD_LL_OpenEP
                0x00000000080070de       0x6e ./USB_DEVICE/Target/usbd_conf.o
                0x00000000080070de                USBD_LL_OpenEP
 .text.USBD_LL_CloseEP
                0x000000000800714c       0x56 ./USB_DEVICE/Target/usbd_conf.o
                0x000000000800714c                USBD_LL_CloseEP
 .text.USBD_LL_StallEP
                0x00000000080071a2       0x56 ./USB_DEVICE/Target/usbd_conf.o
                0x00000000080071a2                USBD_LL_StallEP
 .text.USBD_LL_ClearStallEP
                0x00000000080071f8       0x56 ./USB_DEVICE/Target/usbd_conf.o
                0x00000000080071f8                USBD_LL_ClearStallEP
 .text.USBD_LL_IsStallEP
                0x000000000800724e       0x62 ./USB_DEVICE/Target/usbd_conf.o
                0x000000000800724e                USBD_LL_IsStallEP
 .text.USBD_LL_SetUSBAddress
                0x00000000080072b0       0x56 ./USB_DEVICE/Target/usbd_conf.o
                0x00000000080072b0                USBD_LL_SetUSBAddress
 .text.USBD_LL_Transmit
                0x0000000008007306       0x6e ./USB_DEVICE/Target/usbd_conf.o
                0x0000000008007306                USBD_LL_Transmit
 .text.USBD_LL_PrepareReceive
                0x0000000008007374       0x6e ./USB_DEVICE/Target/usbd_conf.o
                0x0000000008007374                USBD_LL_PrepareReceive
 *fill*         0x00000000080073e2        0x2 
 .text.USBD_static_malloc
                0x00000000080073e4       0x18 ./USB_DEVICE/Target/usbd_conf.o
                0x00000000080073e4                USBD_static_malloc
 .text.USBD_static_free
                0x00000000080073fc       0x10 ./USB_DEVICE/Target/usbd_conf.o
                0x00000000080073fc                USBD_static_free
 .text.SystemClockConfig_Resume
                0x000000000800740c        0xe ./USB_DEVICE/Target/usbd_conf.o
 .text.USBD_Get_USB_Status
                0x000000000800741a       0x6e ./USB_DEVICE/Target/usbd_conf.o
 .text.__libc_init_array
                0x0000000008007488       0x48 c:/st/stm32cubeide_1.11.0/stm32cubeide/plugins/com.st.stm32cube.ide.mcu.externaltools.gnu-tools-for-stm32.10.3-2021.10.win32_1.0.100.202210260954/tools/bin/../lib/gcc/arm-none-eabi/10.3.1/../../../../arm-none-eabi/lib/thumb/v6-m/nofp\libc_nano.a(lib_a-init.o)
                0x0000000008007488                __libc_init_array
 .text.memset   0x00000000080074d0       0x10 c:/st/stm32cubeide_1.11.0/stm32cubeide/plugins/com.st.stm32cube.ide.mcu.externaltools.gnu-tools-for-stm32.10.3-2021.10.win32_1.0.100.202210260954/tools/bin/../lib/gcc/arm-none-eabi/10.3.1/../../../../arm-none-eabi/lib/thumb/v6-m/nofp\libc_nano.a(lib_a-memset.o)
                0x00000000080074d0                memset
 *(.glue_7)
 .glue_7        0x00000000080074e0        0x0 linker stubs
 *(.glue_7t)
 .glue_7t       0x00000000080074e0        0x0 linker stubs
 *(.eh_frame)
 .eh_frame      0x00000000080074e0        0x0 c:/st/stm32cubeide_1.11.0/stm32cubeide/plugins/com.st.stm32cube.ide.mcu.externaltools.gnu-tools-for-stm32.10.3-2021.10.win32_1.0.100.202210260954/tools/bin/../lib/gcc/arm-none-eabi/10.3.1/thumb/v6-m/nofp/crtbegin.o
 *(.init)
 .init          0x00000000080074e0        0x4 c:/st/stm32cubeide_1.11.0/stm32cubeide/plugins/com.st.stm32cube.ide.mcu.externaltools.gnu-tools-for-stm32.10.3-2021.10.win32_1.0.100.202210260954/tools/bin/../lib/gcc/arm-none-eabi/10.3.1/thumb/v6-m/nofp/crti.o
                0x00000000080074e0                _init
 .init          0x00000000080074e4        0x8 c:/st/stm32cubeide_1.11.0/stm32cubeide/plugins/com.st.stm32cube.ide.mcu.externaltools.gnu-tools-for-stm32.10.3-2021.10.win32_1.0.100.202210260954/tools/bin/../lib/gcc/arm-none-eabi/10.3.1/thumb/v6-m/nofp/crtn.o
 *(.fini)
 .fini          0x00000000080074ec        0x4 c:/st/stm32cubeide_1.11.0/stm32cubeide/plugins/com.st.stm32cube.ide.mcu.externaltools.gnu-tools-for-stm32.10.3-2021.10.win32_1.0.100.202210260954/tools/bin/../lib/gcc/arm-none-eabi/10.3.1/thumb/v6-m/nofp/crti.o
                0x00000000080074ec                _fini
 .fini          0x00000000080074f0        0x8 c:/st/stm32cubeide_1.11.0/stm32cubeide/plugins/com.st.stm32cube.ide.mcu.externaltools.gnu-tools-for-stm32.10.3-2021.10.win32_1.0.100.202210260954/tools/bin/../lib/gcc/arm-none-eabi/10.3.1/thumb/v6-m/nofp/crtn.o
                0x00000000080074f8                . = ALIGN (0x4)
                0x00000000080074f8                _etext = .

.vfp11_veneer   0x00000000080074f8        0x0
 .vfp11_veneer  0x00000000080074f8        0x0 linker stubs

.v4_bx          0x00000000080074f8        0x0
 .v4_bx         0x00000000080074f8        0x0 linker stubs

.iplt           0x00000000080074f8        0x0
 .iplt          0x00000000080074f8        0x0 c:/st/stm32cubeide_1.11.0/stm32cubeide/plugins/com.st.stm32cube.ide.mcu.externaltools.gnu-tools-for-stm32.10.3-2021.10.win32_1.0.100.202210260954/tools/bin/../lib/gcc/arm-none-eabi/10.3.1/thumb/v6-m/nofp/crtbegin.o

.rodata         0x00000000080074f8       0xb0
                0x00000000080074f8                . = ALIGN (0x4)
 *(.rodata)
 .rodata        0x00000000080074f8       0x1e ./USB_DEVICE/App/usbd_desc.o
 *(.rodata*)
 *fill*         0x0000000008007516        0x2 
 .rodata.AHBPrescTable
                0x0000000008007518       0x10 ./Core/Src/system_stm32f0xx.o
                0x0000000008007518                AHBPrescTable
 .rodata.aPLLMULFactorTable.1
                0x0000000008007528       0x10 ./Drivers/STM32F0xx_HAL_Driver/Src/stm32f0xx_hal_rcc.o
 .rodata.aPredivFactorTable.0
                0x0000000008007538       0x10 ./Drivers/STM32F0xx_HAL_Driver/Src/stm32f0xx_hal_rcc.o
 .rodata.USBD_StdDevReq
                0x0000000008007548       0x28 ./Middlewares/ST/STM32_USB_Device_Library/Core/Src/usbd_ctlreq.o
 .rodata.USBD_GetDescriptor
                0x0000000008007570       0x38 ./Middlewares/ST/STM32_USB_Device_Library/Core/Src/usbd_ctlreq.o
                0x00000000080075a8                . = ALIGN (0x4)

.rel.dyn        0x00000000080075a8        0x0
 .rel.iplt      0x00000000080075a8        0x0 c:/st/stm32cubeide_1.11.0/stm32cubeide/plugins/com.st.stm32cube.ide.mcu.externaltools.gnu-tools-for-stm32.10.3-2021.10.win32_1.0.100.202210260954/tools/bin/../lib/gcc/arm-none-eabi/10.3.1/thumb/v6-m/nofp/crtbegin.o

.ARM.extab      0x00000000080075a8        0x0
                0x00000000080075a8                . = ALIGN (0x4)
 *(.ARM.extab* .gnu.linkonce.armextab.*)
                0x00000000080075a8                . = ALIGN (0x4)

.ARM            0x00000000080075a8        0x0
                0x00000000080075a8                . = ALIGN (0x4)
                0x00000000080075a8                __exidx_start = .
 *(.ARM.exidx*)
                0x00000000080075a8                __exidx_end = .
                0x00000000080075a8                . = ALIGN (0x4)

.preinit_array  0x00000000080075a8        0x0
                0x00000000080075a8                . = ALIGN (0x4)
                0x00000000080075a8                PROVIDE (__preinit_array_start = .)
 *(.preinit_array*)
                0x00000000080075a8                PROVIDE (__preinit_array_end = .)
                0x00000000080075a8                . = ALIGN (0x4)

.init_array     0x00000000080075a8        0x4
                0x00000000080075a8                . = ALIGN (0x4)
                0x00000000080075a8                PROVIDE (__init_array_start = .)
 *(SORT_BY_NAME(.init_array.*))
 *(.init_array*)
 .init_array    0x00000000080075a8        0x4 c:/st/stm32cubeide_1.11.0/stm32cubeide/plugins/com.st.stm32cube.ide.mcu.externaltools.gnu-tools-for-stm32.10.3-2021.10.win32_1.0.100.202210260954/tools/bin/../lib/gcc/arm-none-eabi/10.3.1/thumb/v6-m/nofp/crtbegin.o
                0x00000000080075ac                PROVIDE (__init_array_end = .)
                0x00000000080075ac                . = ALIGN (0x4)

.fini_array     0x00000000080075ac        0x4
                0x00000000080075ac                . = ALIGN (0x4)
                [!provide]                        PROVIDE (__fini_array_start = .)
 *(SORT_BY_NAME(.fini_array.*))
 *(.fini_array*)
 .fini_array    0x00000000080075ac        0x4 c:/st/stm32cubeide_1.11.0/stm32cubeide/plugins/com.st.stm32cube.ide.mcu.externaltools.gnu-tools-for-stm32.10.3-2021.10.win32_1.0.100.202210260954/tools/bin/../lib/gcc/arm-none-eabi/10.3.1/thumb/v6-m/nofp/crtbegin.o
                [!provide]                        PROVIDE (__fini_array_end = .)
                0x00000000080075b0                . = ALIGN (0x4)
                0x00000000080075b0                _sidata = LOADADDR (.data)

.data           0x0000000020000000      0x138 load address 0x00000000080075b0
                0x0000000020000000                . = ALIGN (0x4)
                0x0000000020000000                _sdata = .
 *(.data)
 *(.data*)
 .data.SystemCoreClock
                0x0000000020000000        0x4 ./Core/Src/system_stm32f0xx.o
                0x0000000020000000                SystemCoreClock
 .data.uwTickPrio
                0x0000000020000004        0x4 ./Drivers/STM32F0xx_HAL_Driver/Src/stm32f0xx_hal.o
                0x0000000020000004                uwTickPrio
 .data.uwTickFreq
                0x0000000020000008        0x1 ./Drivers/STM32F0xx_HAL_Driver/Src/stm32f0xx_hal.o
                0x0000000020000008                uwTickFreq
 *fill*         0x0000000020000009        0x3 
 .data.USBD_HID
                0x000000002000000c       0x38 ./Middlewares/ST/STM32_USB_Device_Library/Class/HID/Src/usbd_hid.o
                0x000000002000000c                USBD_HID
 .data.USBD_HID_CfgFSDesc
                0x0000000020000044       0x22 ./Middlewares/ST/STM32_USB_Device_Library/Class/HID/Src/usbd_hid.o
 *fill*         0x0000000020000066        0x2 
 .data.USBD_HID_CfgHSDesc
                0x0000000020000068       0x22 ./Middlewares/ST/STM32_USB_Device_Library/Class/HID/Src/usbd_hid.o
 *fill*         0x000000002000008a        0x2 
 .data.USBD_HID_OtherSpeedCfgDesc
                0x000000002000008c       0x22 ./Middlewares/ST/STM32_USB_Device_Library/Class/HID/Src/usbd_hid.o
 *fill*         0x00000000200000ae        0x2 
 .data.USBD_HID_Desc
                0x00000000200000b0        0x9 ./Middlewares/ST/STM32_USB_Device_Library/Class/HID/Src/usbd_hid.o
 *fill*         0x00000000200000b9        0x3 
 .data.USBD_HID_DeviceQualifierDesc
                0x00000000200000bc        0xa ./Middlewares/ST/STM32_USB_Device_Library/Class/HID/Src/usbd_hid.o
 *fill*         0x00000000200000c6        0x2 
 .data.HID_MOUSE_ReportDesc
                0x00000000200000c8       0x20 ./Middlewares/ST/STM32_USB_Device_Library/Class/HID/Src/usbd_hid.o
 .data.FS_Desc  0x00000000200000e8       0x1c ./USB_DEVICE/App/usbd_desc.o
                0x00000000200000e8                FS_Desc
 .data.USBD_FS_DeviceDesc
                0x0000000020000104       0x12 ./USB_DEVICE/App/usbd_desc.o
                0x0000000020000104                USBD_FS_DeviceDesc
 *fill*         0x0000000020000116        0x2 
 .data.USBD_LangIDDesc
                0x0000000020000118        0x4 ./USB_DEVICE/App/usbd_desc.o
                0x0000000020000118                USBD_LangIDDesc
 .data.USBD_StringSerial
                0x000000002000011c       0x1a ./USB_DEVICE/App/usbd_desc.o
                0x000000002000011c                USBD_StringSerial
 *(.RamFunc)
 *(.RamFunc*)
                0x0000000020000138                . = ALIGN (0x4)
 *fill*         0x0000000020000136        0x2 
                0x0000000020000138                _edata = .

.igot.plt       0x0000000020000138        0x0 load address 0x00000000080076e8
 .igot.plt      0x0000000020000138        0x0 c:/st/stm32cubeide_1.11.0/stm32cubeide/plugins/com.st.stm32cube.ide.mcu.externaltools.gnu-tools-for-stm32.10.3-2021.10.win32_1.0.100.202210260954/tools/bin/../lib/gcc/arm-none-eabi/10.3.1/thumb/v6-m/nofp/crtbegin.o
                0x0000000020000138                . = ALIGN (0x4)

.bss            0x0000000020000138      0x7f8 load address 0x00000000080076e8
                0x0000000020000138                _sbss = .
                0x0000000020000138                __bss_start__ = _sbss
 *(.bss)
 .bss           0x0000000020000138       0x1c c:/st/stm32cubeide_1.11.0/stm32cubeide/plugins/com.st.stm32cube.ide.mcu.externaltools.gnu-tools-for-stm32.10.3-2021.10.win32_1.0.100.202210260954/tools/bin/../lib/gcc/arm-none-eabi/10.3.1/thumb/v6-m/nofp/crtbegin.o
 *(.bss*)
 .bss.buffer    0x0000000020000154        0x3 ./Core/Src/main.o
                0x0000000020000154                buffer
 *fill*         0x0000000020000157        0x1 
 .bss.zero      0x0000000020000158        0x3 ./Core/Src/main.o
                0x0000000020000158                zero
 *fill*         0x000000002000015b        0x1 
 .bss.uwTick    0x000000002000015c        0x4 ./Drivers/STM32F0xx_HAL_Driver/Src/stm32f0xx_hal.o
                0x000000002000015c                uwTick
 .bss.cfgidx.0  0x0000000020000160        0x1 ./Middlewares/ST/STM32_USB_Device_Library/Core/Src/usbd_ctlreq.o
 *fill*         0x0000000020000161        0x3 
 .bss.hUsbDeviceFS
                0x0000000020000164      0x2c4 ./USB_DEVICE/App/usb_device.o
                0x0000000020000164                hUsbDeviceFS
 .bss.USBD_StrDesc
                0x0000000020000428      0x200 ./USB_DEVICE/App/usbd_desc.o
                0x0000000020000428                USBD_StrDesc
 .bss.hpcd_USB_FS
                0x0000000020000628      0x2f4 ./USB_DEVICE/Target/usbd_conf.o
                0x0000000020000628                hpcd_USB_FS
 .bss.mem.0     0x000000002000091c       0x14 ./USB_DEVICE/Target/usbd_conf.o
 *(COMMON)
                0x0000000020000930                . = ALIGN (0x4)
                0x0000000020000930                _ebss = .
                0x0000000020000930                __bss_end__ = _ebss

._user_heap_stack
                0x0000000020000930      0x600 load address 0x00000000080076e8
                0x0000000020000930                . = ALIGN (0x8)
                [!provide]                        PROVIDE (end = .)
                0x0000000020000930                PROVIDE (_end = .)
                0x0000000020000b30                . = (. + _Min_Heap_Size)
 *fill*         0x0000000020000930      0x200 
                0x0000000020000f30                . = (. + _Min_Stack_Size)
 *fill*         0x0000000020000b30      0x400 
                0x0000000020000f30                . = ALIGN (0x8)

/DISCARD/
 libc.a(*)
 libm.a(*)
 libgcc.a(*)

.ARM.attributes
                0x0000000000000000       0x28
 *(.ARM.attributes)
 .ARM.attributes
                0x0000000000000000       0x1e c:/st/stm32cubeide_1.11.0/stm32cubeide/plugins/com.st.stm32cube.ide.mcu.externaltools.gnu-tools-for-stm32.10.3-2021.10.win32_1.0.100.202210260954/tools/bin/../lib/gcc/arm-none-eabi/10.3.1/thumb/v6-m/nofp/crti.o
 .ARM.attributes
                0x000000000000001e       0x2c c:/st/stm32cubeide_1.11.0/stm32cubeide/plugins/com.st.stm32cube.ide.mcu.externaltools.gnu-tools-for-stm32.10.3-2021.10.win32_1.0.100.202210260954/tools/bin/../lib/gcc/arm-none-eabi/10.3.1/thumb/v6-m/nofp/crtbegin.o
 .ARM.attributes
                0x000000000000004a       0x2c ./Core/Src/main.o
 .ARM.attributes
                0x0000000000000076       0x2c ./Core/Src/stm32f0xx_hal_msp.o
 .ARM.attributes
                0x00000000000000a2       0x2c ./Core/Src/stm32f0xx_it.o
 .ARM.attributes
                0x00000000000000ce       0x2c ./Core/Src/system_stm32f0xx.o
 .ARM.attributes
                0x00000000000000fa       0x21 ./Core/Startup/startup_stm32f042k6tx.o
 .ARM.attributes
                0x000000000000011b       0x2c ./Drivers/STM32F0xx_HAL_Driver/Src/stm32f0xx_hal.o
 .ARM.attributes
                0x0000000000000147       0x2c ./Drivers/STM32F0xx_HAL_Driver/Src/stm32f0xx_hal_cortex.o
 .ARM.attributes
                0x0000000000000173       0x2c ./Drivers/STM32F0xx_HAL_Driver/Src/stm32f0xx_hal_gpio.o
 .ARM.attributes
                0x000000000000019f       0x2c ./Drivers/STM32F0xx_HAL_Driver/Src/stm32f0xx_hal_pcd.o
 .ARM.attributes
                0x00000000000001cb       0x2c ./Drivers/STM32F0xx_HAL_Driver/Src/stm32f0xx_hal_pcd_ex.o
 .ARM.attributes
                0x00000000000001f7       0x2c ./Drivers/STM32F0xx_HAL_Driver/Src/stm32f0xx_hal_rcc.o
 .ARM.attributes
                0x0000000000000223       0x2c ./Drivers/STM32F0xx_HAL_Driver/Src/stm32f0xx_hal_rcc_ex.o
 .ARM.attributes
                0x000000000000024f       0x2c ./Drivers/STM32F0xx_HAL_Driver/Src/stm32f0xx_ll_usb.o
 .ARM.attributes
                0x000000000000027b       0x2c ./Middlewares/ST/STM32_USB_Device_Library/Class/HID/Src/usbd_hid.o
 .ARM.attributes
                0x00000000000002a7       0x2c ./Middlewares/ST/STM32_USB_Device_Library/Core/Src/usbd_core.o
 .ARM.attributes
                0x00000000000002d3       0x2c ./Middlewares/ST/STM32_USB_Device_Library/Core/Src/usbd_ctlreq.o
 .ARM.attributes
                0x00000000000002ff       0x2c ./Middlewares/ST/STM32_USB_Device_Library/Core/Src/usbd_ioreq.o
 .ARM.attributes
                0x000000000000032b       0x2c ./USB_DEVICE/App/usb_device.o
 .ARM.attributes
                0x0000000000000357       0x2c ./USB_DEVICE/App/usbd_desc.o
 .ARM.attributes
                0x0000000000000383       0x2c ./USB_DEVICE/Target/usbd_conf.o
 .ARM.attributes
                0x00000000000003af       0x2c c:/st/stm32cubeide_1.11.0/stm32cubeide/plugins/com.st.stm32cube.ide.mcu.externaltools.gnu-tools-for-stm32.10.3-2021.10.win32_1.0.100.202210260954/tools/bin/../lib/gcc/arm-none-eabi/10.3.1/../../../../arm-none-eabi/lib/thumb/v6-m/nofp\libc_nano.a(lib_a-init.o)
 .ARM.attributes
                0x00000000000003db       0x2c c:/st/stm32cubeide_1.11.0/stm32cubeide/plugins/com.st.stm32cube.ide.mcu.externaltools.gnu-tools-for-stm32.10.3-2021.10.win32_1.0.100.202210260954/tools/bin/../lib/gcc/arm-none-eabi/10.3.1/../../../../arm-none-eabi/lib/thumb/v6-m/nofp\libc_nano.a(lib_a-memset.o)
 .ARM.attributes
                0x0000000000000407       0x1e c:/st/stm32cubeide_1.11.0/stm32cubeide/plugins/com.st.stm32cube.ide.mcu.externaltools.gnu-tools-for-stm32.10.3-2021.10.win32_1.0.100.202210260954/tools/bin/../lib/gcc/arm-none-eabi/10.3.1/thumb/v6-m/nofp\libgcc.a(_udivsi3.o)
 .ARM.attributes
                0x0000000000000425       0x1e c:/st/stm32cubeide_1.11.0/stm32cubeide/plugins/com.st.stm32cube.ide.mcu.externaltools.gnu-tools-for-stm32.10.3-2021.10.win32_1.0.100.202210260954/tools/bin/../lib/gcc/arm-none-eabi/10.3.1/thumb/v6-m/nofp\libgcc.a(_dvmd_tls.o)
 .ARM.attributes
                0x0000000000000443       0x1e c:/st/stm32cubeide_1.11.0/stm32cubeide/plugins/com.st.stm32cube.ide.mcu.externaltools.gnu-tools-for-stm32.10.3-2021.10.win32_1.0.100.202210260954/tools/bin/../lib/gcc/arm-none-eabi/10.3.1/thumb/v6-m/nofp/crtn.o
OUTPUT(stm_hid_tutorial.elf elf32-littlearm)
LOAD linker stubs
LOAD c:/st/stm32cubeide_1.11.0/stm32cubeide/plugins/com.st.stm32cube.ide.mcu.externaltools.gnu-tools-for-stm32.10.3-2021.10.win32_1.0.100.202210260954/tools/bin/../lib/gcc/arm-none-eabi/10.3.1/../../../../arm-none-eabi/lib/thumb/v6-m/nofp\libc.a
LOAD c:/st/stm32cubeide_1.11.0/stm32cubeide/plugins/com.st.stm32cube.ide.mcu.externaltools.gnu-tools-for-stm32.10.3-2021.10.win32_1.0.100.202210260954/tools/bin/../lib/gcc/arm-none-eabi/10.3.1/../../../../arm-none-eabi/lib/thumb/v6-m/nofp\libm.a
LOAD c:/st/stm32cubeide_1.11.0/stm32cubeide/plugins/com.st.stm32cube.ide.mcu.externaltools.gnu-tools-for-stm32.10.3-2021.10.win32_1.0.100.202210260954/tools/bin/../lib/gcc/arm-none-eabi/10.3.1/thumb/v6-m/nofp\libgcc.a

.debug_info     0x0000000000000000     0xb67f
 .debug_info    0x0000000000000000      0xaaf ./Core/Src/main.o
 .debug_info    0x0000000000000aaf      0x1b8 ./Core/Src/stm32f0xx_hal_msp.o
 .debug_info    0x0000000000000c67      0x651 ./Core/Src/stm32f0xx_it.o
 .debug_info    0x00000000000012b8      0x269 ./Core/Src/system_stm32f0xx.o
 .debug_info    0x0000000000001521       0x22 ./Core/Startup/startup_stm32f042k6tx.o
 .debug_info    0x0000000000001543      0x6d2 ./Drivers/STM32F0xx_HAL_Driver/Src/stm32f0xx_hal.o
 .debug_info    0x0000000000001c15      0x705 ./Drivers/STM32F0xx_HAL_Driver/Src/stm32f0xx_hal_cortex.o
 .debug_info    0x000000000000231a      0x628 ./Drivers/STM32F0xx_HAL_Driver/Src/stm32f0xx_hal_gpio.o
 .debug_info    0x0000000000002942     0x1716 ./Drivers/STM32F0xx_HAL_Driver/Src/stm32f0xx_hal_pcd.o
 .debug_info    0x0000000000004058      0x882 ./Drivers/STM32F0xx_HAL_Driver/Src/stm32f0xx_hal_pcd_ex.o
 .debug_info    0x00000000000048da      0x8b0 ./Drivers/STM32F0xx_HAL_Driver/Src/stm32f0xx_hal_rcc.o
 .debug_info    0x000000000000518a      0x640 ./Drivers/STM32F0xx_HAL_Driver/Src/stm32f0xx_hal_rcc_ex.o
 .debug_info    0x00000000000057ca     0x172b ./Drivers/STM32F0xx_HAL_Driver/Src/stm32f0xx_ll_usb.o
 .debug_info    0x0000000000006ef5      0x995 ./Middlewares/ST/STM32_USB_Device_Library/Class/HID/Src/usbd_hid.o
 .debug_info    0x000000000000788a      0xb02 ./Middlewares/ST/STM32_USB_Device_Library/Core/Src/usbd_core.o
 .debug_info    0x000000000000838c      0x9b6 ./Middlewares/ST/STM32_USB_Device_Library/Core/Src/usbd_ctlreq.o
 .debug_info    0x0000000000008d42      0x715 ./Middlewares/ST/STM32_USB_Device_Library/Core/Src/usbd_ioreq.o
 .debug_info    0x0000000000009457      0x59c ./USB_DEVICE/App/usb_device.o
 .debug_info    0x00000000000099f3      0x484 ./USB_DEVICE/App/usbd_desc.o
 .debug_info    0x0000000000009e77     0x1808 ./USB_DEVICE/Target/usbd_conf.o

.debug_abbrev   0x0000000000000000     0x26c3
 .debug_abbrev  0x0000000000000000      0x283 ./Core/Src/main.o
 .debug_abbrev  0x0000000000000283       0xc2 ./Core/Src/stm32f0xx_hal_msp.o
 .debug_abbrev  0x0000000000000345      0x188 ./Core/Src/stm32f0xx_it.o
 .debug_abbrev  0x00000000000004cd      0x116 ./Core/Src/system_stm32f0xx.o
 .debug_abbrev  0x00000000000005e3       0x12 ./Core/Startup/startup_stm32f042k6tx.o
 .debug_abbrev  0x00000000000005f5      0x23f ./Drivers/STM32F0xx_HAL_Driver/Src/stm32f0xx_hal.o
 .debug_abbrev  0x0000000000000834      0x283 ./Drivers/STM32F0xx_HAL_Driver/Src/stm32f0xx_hal_cortex.o
 .debug_abbrev  0x0000000000000ab7      0x1bb ./Drivers/STM32F0xx_HAL_Driver/Src/stm32f0xx_hal_gpio.o
 .debug_abbrev  0x0000000000000c72      0x2a4 ./Drivers/STM32F0xx_HAL_Driver/Src/stm32f0xx_hal_pcd.o
 .debug_abbrev  0x0000000000000f16      0x21d ./Drivers/STM32F0xx_HAL_Driver/Src/stm32f0xx_hal_pcd_ex.o
 .debug_abbrev  0x0000000000001133      0x283 ./Drivers/STM32F0xx_HAL_Driver/Src/stm32f0xx_hal_rcc.o
 .debug_abbrev  0x00000000000013b6      0x1d0 ./Drivers/STM32F0xx_HAL_Driver/Src/stm32f0xx_hal_rcc_ex.o
 .debug_abbrev  0x0000000000001586      0x22f ./Drivers/STM32F0xx_HAL_Driver/Src/stm32f0xx_ll_usb.o
 .debug_abbrev  0x00000000000017b5      0x258 ./Middlewares/ST/STM32_USB_Device_Library/Class/HID/Src/usbd_hid.o
 .debug_abbrev  0x0000000000001a0d      0x236 ./Middlewares/ST/STM32_USB_Device_Library/Core/Src/usbd_core.o
 .debug_abbrev  0x0000000000001c43      0x257 ./Middlewares/ST/STM32_USB_Device_Library/Core/Src/usbd_ctlreq.o
 .debug_abbrev  0x0000000000001e9a      0x183 ./Middlewares/ST/STM32_USB_Device_Library/Core/Src/usbd_ioreq.o
 .debug_abbrev  0x000000000000201d      0x17a ./USB_DEVICE/App/usb_device.o
 .debug_abbrev  0x0000000000002197      0x1fa ./USB_DEVICE/App/usbd_desc.o
 .debug_abbrev  0x0000000000002391      0x332 ./USB_DEVICE/Target/usbd_conf.o

.debug_aranges  0x0000000000000000      0x9a8
 .debug_aranges
                0x0000000000000000       0x38 ./Core/Src/main.o
 .debug_aranges
                0x0000000000000038       0x20 ./Core/Src/stm32f0xx_hal_msp.o
 .debug_aranges
                0x0000000000000058       0x48 ./Core/Src/stm32f0xx_it.o
 .debug_aranges
                0x00000000000000a0       0x28 ./Core/Src/system_stm32f0xx.o
 .debug_aranges
                0x00000000000000c8       0x28 ./Core/Startup/startup_stm32f042k6tx.o
 .debug_aranges
                0x00000000000000f0       0xd0 ./Drivers/STM32F0xx_HAL_Driver/Src/stm32f0xx_hal.o
 .debug_aranges
                0x00000000000001c0       0xc0 ./Drivers/STM32F0xx_HAL_Driver/Src/stm32f0xx_hal_cortex.o
 .debug_aranges
                0x0000000000000280       0x58 ./Drivers/STM32F0xx_HAL_Driver/Src/stm32f0xx_hal_gpio.o
 .debug_aranges
                0x00000000000002d8      0x138 ./Drivers/STM32F0xx_HAL_Driver/Src/stm32f0xx_hal_pcd.o
 .debug_aranges
                0x0000000000000410       0x58 ./Drivers/STM32F0xx_HAL_Driver/Src/stm32f0xx_hal_pcd_ex.o
 .debug_aranges
                0x0000000000000468       0x80 ./Drivers/STM32F0xx_HAL_Driver/Src/stm32f0xx_hal_rcc.o
 .debug_aranges
                0x00000000000004e8       0x78 ./Drivers/STM32F0xx_HAL_Driver/Src/stm32f0xx_hal_rcc_ex.o
 .debug_aranges
                0x0000000000000560       0xb8 ./Drivers/STM32F0xx_HAL_Driver/Src/stm32f0xx_ll_usb.o
 .debug_aranges
                0x0000000000000618       0x68 ./Middlewares/ST/STM32_USB_Device_Library/Class/HID/Src/usbd_hid.o
 .debug_aranges
                0x0000000000000680       0xb8 ./Middlewares/ST/STM32_USB_Device_Library/Core/Src/usbd_core.o
 .debug_aranges
                0x0000000000000738       0x88 ./Middlewares/ST/STM32_USB_Device_Library/Core/Src/usbd_ctlreq.o
 .debug_aranges
                0x00000000000007c0       0x50 ./Middlewares/ST/STM32_USB_Device_Library/Core/Src/usbd_ioreq.o
 .debug_aranges
                0x0000000000000810       0x20 ./USB_DEVICE/App/usb_device.o
 .debug_aranges
                0x0000000000000830       0x60 ./USB_DEVICE/App/usbd_desc.o
 .debug_aranges
                0x0000000000000890      0x118 ./USB_DEVICE/Target/usbd_conf.o

.debug_ranges   0x0000000000000000      0x870
 .debug_ranges  0x0000000000000000       0x28 ./Core/Src/main.o
 .debug_ranges  0x0000000000000028       0x10 ./Core/Src/stm32f0xx_hal_msp.o
 .debug_ranges  0x0000000000000038       0x38 ./Core/Src/stm32f0xx_it.o
 .debug_ranges  0x0000000000000070       0x18 ./Core/Src/system_stm32f0xx.o
 .debug_ranges  0x0000000000000088       0x20 ./Core/Startup/startup_stm32f042k6tx.o
 .debug_ranges  0x00000000000000a8       0xc0 ./Drivers/STM32F0xx_HAL_Driver/Src/stm32f0xx_hal.o
 .debug_ranges  0x0000000000000168       0xb0 ./Drivers/STM32F0xx_HAL_Driver/Src/stm32f0xx_hal_cortex.o
 .debug_ranges  0x0000000000000218       0x48 ./Drivers/STM32F0xx_HAL_Driver/Src/stm32f0xx_hal_gpio.o
 .debug_ranges  0x0000000000000260      0x128 ./Drivers/STM32F0xx_HAL_Driver/Src/stm32f0xx_hal_pcd.o
 .debug_ranges  0x0000000000000388       0x48 ./Drivers/STM32F0xx_HAL_Driver/Src/stm32f0xx_hal_pcd_ex.o
 .debug_ranges  0x00000000000003d0       0x70 ./Drivers/STM32F0xx_HAL_Driver/Src/stm32f0xx_hal_rcc.o
 .debug_ranges  0x0000000000000440       0x68 ./Drivers/STM32F0xx_HAL_Driver/Src/stm32f0xx_hal_rcc_ex.o
 .debug_ranges  0x00000000000004a8       0xa8 ./Drivers/STM32F0xx_HAL_Driver/Src/stm32f0xx_ll_usb.o
 .debug_ranges  0x0000000000000550       0x58 ./Middlewares/ST/STM32_USB_Device_Library/Class/HID/Src/usbd_hid.o
 .debug_ranges  0x00000000000005a8       0xa8 ./Middlewares/ST/STM32_USB_Device_Library/Core/Src/usbd_core.o
 .debug_ranges  0x0000000000000650       0x78 ./Middlewares/ST/STM32_USB_Device_Library/Core/Src/usbd_ctlreq.o
 .debug_ranges  0x00000000000006c8       0x40 ./Middlewares/ST/STM32_USB_Device_Library/Core/Src/usbd_ioreq.o
 .debug_ranges  0x0000000000000708       0x10 ./USB_DEVICE/App/usb_device.o
 .debug_ranges  0x0000000000000718       0x50 ./USB_DEVICE/App/usbd_desc.o
 .debug_ranges  0x0000000000000768      0x108 ./USB_DEVICE/Target/usbd_conf.o

.debug_macro    0x0000000000000000    0x1a1c4
 .debug_macro   0x0000000000000000      0x3f3 ./Core/Src/main.o
 .debug_macro   0x00000000000003f3      0xa4e ./Core/Src/main.o
 .debug_macro   0x0000000000000e41      0x12d ./Core/Src/main.o
 .debug_macro   0x0000000000000f6e       0x2e ./Core/Src/main.o
 .debug_macro   0x0000000000000f9c       0x22 ./Core/Src/main.o
 .debug_macro   0x0000000000000fbe       0x22 ./Core/Src/main.o
 .debug_macro   0x0000000000000fe0       0x8e ./Core/Src/main.o
 .debug_macro   0x000000000000106e       0x51 ./Core/Src/main.o
 .debug_macro   0x00000000000010bf      0x103 ./Core/Src/main.o
 .debug_macro   0x00000000000011c2       0x6a ./Core/Src/main.o
 .debug_macro   0x000000000000122c      0x1df ./Core/Src/main.o
 .debug_macro   0x000000000000140b       0x1c ./Core/Src/main.o
 .debug_macro   0x0000000000001427       0x22 ./Core/Src/main.o
 .debug_macro   0x0000000000001449       0xaf ./Core/Src/main.o
 .debug_macro   0x00000000000014f8      0x391 ./Core/Src/main.o
 .debug_macro   0x0000000000001889     0xf209 ./Core/Src/main.o
 .debug_macro   0x0000000000010a92       0x66 ./Core/Src/main.o
 .debug_macro   0x0000000000010af8     0x34be ./Core/Src/main.o
 .debug_macro   0x0000000000013fb6      0x174 ./Core/Src/main.o
 .debug_macro   0x000000000001412a       0x55 ./Core/Src/main.o
 .debug_macro   0x000000000001417f      0x946 ./Core/Src/main.o
 .debug_macro   0x0000000000014ac5      0x46b ./Core/Src/main.o
 .debug_macro   0x0000000000014f30      0x1ae ./Core/Src/main.o
 .debug_macro   0x00000000000150de      0x130 ./Core/Src/main.o
 .debug_macro   0x000000000001520e      0x199 ./Core/Src/main.o
 .debug_macro   0x00000000000153a7      0x1ed ./Core/Src/main.o
 .debug_macro   0x0000000000015594       0x34 ./Core/Src/main.o
 .debug_macro   0x00000000000155c8       0x43 ./Core/Src/main.o
 .debug_macro   0x000000000001560b       0x28 ./Core/Src/main.o
 .debug_macro   0x0000000000015633       0xb0 ./Core/Src/main.o
 .debug_macro   0x00000000000156e3      0x182 ./Core/Src/main.o
 .debug_macro   0x0000000000015865      0x22c ./Core/Src/main.o
 .debug_macro   0x0000000000015a91       0x61 ./Core/Src/main.o
 .debug_macro   0x0000000000015af2       0xa5 ./Core/Src/main.o
 .debug_macro   0x0000000000015b97       0x73 ./Core/Src/main.o
 .debug_macro   0x0000000000015c0a      0x22d ./Core/Src/main.o
 .debug_macro   0x0000000000015e37       0x4c ./Core/Src/main.o
 .debug_macro   0x0000000000015e83      0x15b ./Core/Src/main.o
 .debug_macro   0x0000000000015fde      0x12e ./Core/Src/main.o
 .debug_macro   0x000000000001610c       0x10 ./Core/Src/main.o
 .debug_macro   0x000000000001611c       0x52 ./Core/Src/main.o
 .debug_macro   0x000000000001616e       0x18 ./Core/Src/main.o
 .debug_macro   0x0000000000016186       0x3c ./Core/Src/main.o
 .debug_macro   0x00000000000161c2       0x34 ./Core/Src/main.o
 .debug_macro   0x00000000000161f6       0x16 ./Core/Src/main.o
 .debug_macro   0x000000000001620c       0x35 ./Core/Src/main.o
 .debug_macro   0x0000000000016241      0x341 ./Core/Src/main.o
 .debug_macro   0x0000000000016582       0x10 ./Core/Src/main.o
 .debug_macro   0x0000000000016592       0x16 ./Core/Src/main.o
 .debug_macro   0x00000000000165a8       0x43 ./Core/Src/main.o
 .debug_macro   0x00000000000165eb       0x34 ./Core/Src/main.o
 .debug_macro   0x000000000001661f       0x10 ./Core/Src/main.o
 .debug_macro   0x000000000001662f       0x58 ./Core/Src/main.o
 .debug_macro   0x0000000000016687       0x71 ./Core/Src/main.o
 .debug_macro   0x00000000000166f8       0x1c ./Core/Src/main.o
 .debug_macro   0x0000000000016714      0x12a ./Core/Src/main.o
 .debug_macro   0x000000000001683e       0x10 ./Core/Src/main.o
 .debug_macro   0x000000000001684e       0x1c ./Core/Src/main.o
 .debug_macro   0x000000000001686a       0x52 ./Core/Src/main.o
 .debug_macro   0x00000000000168bc       0x22 ./Core/Src/main.o
 .debug_macro   0x00000000000168de       0x10 ./Core/Src/main.o
 .debug_macro   0x00000000000168ee       0x52 ./Core/Src/main.o
 .debug_macro   0x0000000000016940       0xd5 ./Core/Src/main.o
 .debug_macro   0x0000000000016a15       0x1c ./Core/Src/main.o
 .debug_macro   0x0000000000016a31       0x3d ./Core/Src/main.o
 .debug_macro   0x0000000000016a6e       0x16 ./Core/Src/main.o
 .debug_macro   0x0000000000016a84      0x145 ./Core/Src/main.o
 .debug_macro   0x0000000000016bc9       0x16 ./Core/Src/main.o
 .debug_macro   0x0000000000016bdf       0x16 ./Core/Src/main.o
 .debug_macro   0x0000000000016bf5       0x29 ./Core/Src/main.o
 .debug_macro   0x0000000000016c1e       0x16 ./Core/Src/main.o
 .debug_macro   0x0000000000016c34       0x20 ./Core/Src/main.o
 .debug_macro   0x0000000000016c54       0x5f ./Core/Src/main.o
 .debug_macro   0x0000000000016cb3      0x1c8 ./Core/Src/main.o
 .debug_macro   0x0000000000016e7b       0x5e ./Core/Src/main.o
 .debug_macro   0x0000000000016ed9      0x1cd ./Core/Src/stm32f0xx_hal_msp.o
 .debug_macro   0x00000000000170a6      0x1d7 ./Core/Src/stm32f0xx_it.o
 .debug_macro   0x000000000001727d      0x1be ./Core/Src/system_stm32f0xx.o
 .debug_macro   0x000000000001743b      0x1e2 ./Drivers/STM32F0xx_HAL_Driver/Src/stm32f0xx_hal.o
 .debug_macro   0x000000000001761d      0x1be ./Drivers/STM32F0xx_HAL_Driver/Src/stm32f0xx_hal_cortex.o
 .debug_macro   0x00000000000177db      0x1c5 ./Drivers/STM32F0xx_HAL_Driver/Src/stm32f0xx_hal_gpio.o
 .debug_macro   0x00000000000179a0      0x1ca ./Drivers/STM32F0xx_HAL_Driver/Src/stm32f0xx_hal_pcd.o
 .debug_macro   0x0000000000017b6a      0x1be ./Drivers/STM32F0xx_HAL_Driver/Src/stm32f0xx_hal_pcd_ex.o
 .debug_macro   0x0000000000017d28      0x1d0 ./Drivers/STM32F0xx_HAL_Driver/Src/stm32f0xx_hal_rcc.o
 .debug_macro   0x0000000000017ef8      0x1d0 ./Drivers/STM32F0xx_HAL_Driver/Src/stm32f0xx_hal_rcc_ex.o
 .debug_macro   0x00000000000180c8      0x1be ./Drivers/STM32F0xx_HAL_Driver/Src/stm32f0xx_ll_usb.o
 .debug_macro   0x0000000000018286      0x3e3 ./Middlewares/ST/STM32_USB_Device_Library/Class/HID/Src/usbd_hid.o
 .debug_macro   0x0000000000018669       0x97 ./Middlewares/ST/STM32_USB_Device_Library/Class/HID/Src/usbd_hid.o
 .debug_macro   0x0000000000018700       0xfd ./Middlewares/ST/STM32_USB_Device_Library/Class/HID/Src/usbd_hid.o
 .debug_macro   0x00000000000187fd       0x4f ./Middlewares/ST/STM32_USB_Device_Library/Class/HID/Src/usbd_hid.o
 .debug_macro   0x000000000001884c      0x3ca ./Middlewares/ST/STM32_USB_Device_Library/Core/Src/usbd_core.o
 .debug_macro   0x0000000000018c16      0x1ce ./Middlewares/ST/STM32_USB_Device_Library/Core/Src/usbd_core.o
 .debug_macro   0x0000000000018de4      0x3d4 ./Middlewares/ST/STM32_USB_Device_Library/Core/Src/usbd_ctlreq.o
 .debug_macro   0x00000000000191b8      0x3d0 ./Middlewares/ST/STM32_USB_Device_Library/Core/Src/usbd_ioreq.o
 .debug_macro   0x0000000000019588      0x3fa ./USB_DEVICE/App/usb_device.o
 .debug_macro   0x0000000000019982       0x16 ./USB_DEVICE/App/usb_device.o
 .debug_macro   0x0000000000019998       0x22 ./USB_DEVICE/App/usb_device.o
 .debug_macro   0x00000000000199ba      0x407 ./USB_DEVICE/App/usbd_desc.o
 .debug_macro   0x0000000000019dc1       0x1c ./USB_DEVICE/App/usbd_desc.o
 .debug_macro   0x0000000000019ddd      0x3e7 ./USB_DEVICE/Target/usbd_conf.o

.debug_line     0x0000000000000000     0xd90f
 .debug_line    0x0000000000000000      0xaa0 ./Core/Src/main.o
 .debug_line    0x0000000000000aa0      0x6c2 ./Core/Src/stm32f0xx_hal_msp.o
 .debug_line    0x0000000000001162      0x73f ./Core/Src/stm32f0xx_it.o
 .debug_line    0x00000000000018a1      0x74a ./Core/Src/system_stm32f0xx.o
 .debug_line    0x0000000000001feb       0x9b ./Core/Startup/startup_stm32f042k6tx.o
 .debug_line    0x0000000000002086      0x93d ./Drivers/STM32F0xx_HAL_Driver/Src/stm32f0xx_hal.o
 .debug_line    0x00000000000029c3      0x9e9 ./Drivers/STM32F0xx_HAL_Driver/Src/stm32f0xx_hal_cortex.o
 .debug_line    0x00000000000033ac      0xaa5 ./Drivers/STM32F0xx_HAL_Driver/Src/stm32f0xx_hal_gpio.o
 .debug_line    0x0000000000003e51     0x12e0 ./Drivers/STM32F0xx_HAL_Driver/Src/stm32f0xx_hal_pcd.o
 .debug_line    0x0000000000005131      0x82b ./Drivers/STM32F0xx_HAL_Driver/Src/stm32f0xx_hal_pcd_ex.o
 .debug_line    0x000000000000595c      0xdc8 ./Drivers/STM32F0xx_HAL_Driver/Src/stm32f0xx_hal_rcc.o
 .debug_line    0x0000000000006724      0xb7b ./Drivers/STM32F0xx_HAL_Driver/Src/stm32f0xx_hal_rcc_ex.o
 .debug_line    0x000000000000729f      0xf3f ./Drivers/STM32F0xx_HAL_Driver/Src/stm32f0xx_ll_usb.o
 .debug_line    0x00000000000081de      0xc06 ./Middlewares/ST/STM32_USB_Device_Library/Class/HID/Src/usbd_hid.o
 .debug_line    0x0000000000008de4      0xdcf ./Middlewares/ST/STM32_USB_Device_Library/Core/Src/usbd_core.o
 .debug_line    0x0000000000009bb3      0xfee ./Middlewares/ST/STM32_USB_Device_Library/Core/Src/usbd_ctlreq.o
 .debug_line    0x000000000000aba1      0xa65 ./Middlewares/ST/STM32_USB_Device_Library/Core/Src/usbd_ioreq.o
 .debug_line    0x000000000000b606      0xa0a ./USB_DEVICE/App/usb_device.o
 .debug_line    0x000000000000c010      0xaee ./USB_DEVICE/App/usbd_desc.o
 .debug_line    0x000000000000cafe      0xe11 ./USB_DEVICE/Target/usbd_conf.o

.debug_str      0x0000000000000000    0x8955f
 .debug_str     0x0000000000000000    0x87200 ./Core/Src/main.o
                                      0x87551 (size before relaxing)
 .debug_str     0x0000000000087200       0x2c ./Core/Src/stm32f0xx_hal_msp.o
                                      0x82440 (size before relaxing)
 .debug_str     0x000000000008722c      0x401 ./Core/Src/stm32f0xx_it.o
                                      0x82812 (size before relaxing)
 .debug_str     0x000000000008762d       0x8b ./Core/Src/system_stm32f0xx.o
                                      0x82473 (size before relaxing)
 .debug_str     0x00000000000876b8       0x36 ./Core/Startup/startup_stm32f042k6tx.o
                                         0x8e (size before relaxing)
 .debug_str     0x00000000000876ee      0x4cb ./Drivers/STM32F0xx_HAL_Driver/Src/stm32f0xx_hal.o
                                      0x82a25 (size before relaxing)
 .debug_str     0x0000000000087bb9      0x1a0 ./Drivers/STM32F0xx_HAL_Driver/Src/stm32f0xx_hal_cortex.o
                                      0x82816 (size before relaxing)
 .debug_str     0x0000000000087d59      0x129 ./Drivers/STM32F0xx_HAL_Driver/Src/stm32f0xx_hal_gpio.o
                                      0x82614 (size before relaxing)
 .debug_str     0x0000000000087e82      0x557 ./Drivers/STM32F0xx_HAL_Driver/Src/stm32f0xx_hal_pcd.o
                                      0x82d1e (size before relaxing)
 .debug_str     0x00000000000883d9      0x186 ./Drivers/STM32F0xx_HAL_Driver/Src/stm32f0xx_hal_pcd_ex.o
                                      0x8297a (size before relaxing)
 .debug_str     0x000000000008855f      0x21a ./Drivers/STM32F0xx_HAL_Driver/Src/stm32f0xx_hal_rcc.o
                                      0x828ba (size before relaxing)
 .debug_str     0x0000000000088779      0x2e2 ./Drivers/STM32F0xx_HAL_Driver/Src/stm32f0xx_hal_rcc_ex.o
                                      0x8285d (size before relaxing)
 .debug_str     0x0000000000088a5b       0xd3 ./Drivers/STM32F0xx_HAL_Driver/Src/stm32f0xx_ll_usb.o
                                      0x8285b (size before relaxing)
 .debug_str     0x0000000000088b2e      0x298 ./Middlewares/ST/STM32_USB_Device_Library/Class/HID/Src/usbd_hid.o
                                      0x8743c (size before relaxing)
 .debug_str     0x0000000000088dc6      0x29f ./Middlewares/ST/STM32_USB_Device_Library/Core/Src/usbd_core.o
                                      0x872d7 (size before relaxing)
 .debug_str     0x0000000000089065      0x11b ./Middlewares/ST/STM32_USB_Device_Library/Core/Src/usbd_ctlreq.o
                                      0x871f1 (size before relaxing)
 .debug_str     0x0000000000089180       0x79 ./Middlewares/ST/STM32_USB_Device_Library/Core/Src/usbd_ioreq.o
                                      0x8711e (size before relaxing)
 .debug_str     0x00000000000891f9       0xa2 ./USB_DEVICE/App/usb_device.o
                                      0x87293 (size before relaxing)
 .debug_str     0x000000000008929b      0x233 ./USB_DEVICE/App/usbd_desc.o
                                      0x87035 (size before relaxing)
 .debug_str     0x00000000000894ce       0x91 ./USB_DEVICE/Target/usbd_conf.o
                                      0x87cb3 (size before relaxing)

.comment        0x0000000000000000       0x50
 .comment       0x0000000000000000       0x50 ./Core/Src/main.o
                                         0x51 (size before relaxing)
 .comment       0x0000000000000050       0x51 ./Core/Src/stm32f0xx_hal_msp.o
 .comment       0x0000000000000050       0x51 ./Core/Src/stm32f0xx_it.o
 .comment       0x0000000000000050       0x51 ./Core/Src/system_stm32f0xx.o
 .comment       0x0000000000000050       0x51 ./Drivers/STM32F0xx_HAL_Driver/Src/stm32f0xx_hal.o
 .comment       0x0000000000000050       0x51 ./Drivers/STM32F0xx_HAL_Driver/Src/stm32f0xx_hal_cortex.o
 .comment       0x0000000000000050       0x51 ./Drivers/STM32F0xx_HAL_Driver/Src/stm32f0xx_hal_gpio.o
 .comment       0x0000000000000050       0x51 ./Drivers/STM32F0xx_HAL_Driver/Src/stm32f0xx_hal_pcd.o
 .comment       0x0000000000000050       0x51 ./Drivers/STM32F0xx_HAL_Driver/Src/stm32f0xx_hal_pcd_ex.o
 .comment       0x0000000000000050       0x51 ./Drivers/STM32F0xx_HAL_Driver/Src/stm32f0xx_hal_rcc.o
 .comment       0x0000000000000050       0x51 ./Drivers/STM32F0xx_HAL_Driver/Src/stm32f0xx_hal_rcc_ex.o
 .comment       0x0000000000000050       0x51 ./Drivers/STM32F0xx_HAL_Driver/Src/stm32f0xx_ll_usb.o
 .comment       0x0000000000000050       0x51 ./Middlewares/ST/STM32_USB_Device_Library/Class/HID/Src/usbd_hid.o
 .comment       0x0000000000000050       0x51 ./Middlewares/ST/STM32_USB_Device_Library/Core/Src/usbd_core.o
 .comment       0x0000000000000050       0x51 ./Middlewares/ST/STM32_USB_Device_Library/Core/Src/usbd_ctlreq.o
 .comment       0x0000000000000050       0x51 ./Middlewares/ST/STM32_USB_Device_Library/Core/Src/usbd_ioreq.o
 .comment       0x0000000000000050       0x51 ./USB_DEVICE/App/usb_device.o
 .comment       0x0000000000000050       0x51 ./USB_DEVICE/App/usbd_desc.o
 .comment       0x0000000000000050       0x51 ./USB_DEVICE/Target/usbd_conf.o

.debug_frame    0x0000000000000000     0x2014
 .debug_frame   0x0000000000000000       0x88 ./Core/Src/main.o
 .debug_frame   0x0000000000000088       0x30 ./Core/Src/stm32f0xx_hal_msp.o
 .debug_frame   0x00000000000000b8       0xb8 ./Core/Src/stm32f0xx_it.o
 .debug_frame   0x0000000000000170       0x4c ./Core/Src/system_stm32f0xx.o
 .debug_frame   0x00000000000001bc      0x2a4 ./Drivers/STM32F0xx_HAL_Driver/Src/stm32f0xx_hal.o
 .debug_frame   0x0000000000000460      0x2a0 ./Drivers/STM32F0xx_HAL_Driver/Src/stm32f0xx_hal_cortex.o
 .debug_frame   0x0000000000000700      0x110 ./Drivers/STM32F0xx_HAL_Driver/Src/stm32f0xx_hal_gpio.o
 .debug_frame   0x0000000000000810      0x49c ./Drivers/STM32F0xx_HAL_Driver/Src/stm32f0xx_hal_pcd.o
 .debug_frame   0x0000000000000cac      0x110 ./Drivers/STM32F0xx_HAL_Driver/Src/stm32f0xx_hal_pcd_ex.o
 .debug_frame   0x0000000000000dbc      0x198 ./Drivers/STM32F0xx_HAL_Driver/Src/stm32f0xx_hal_rcc.o
 .debug_frame   0x0000000000000f54      0x180 ./Drivers/STM32F0xx_HAL_Driver/Src/stm32f0xx_hal_rcc_ex.o
 .debug_frame   0x00000000000010d4      0x298 ./Drivers/STM32F0xx_HAL_Driver/Src/stm32f0xx_ll_usb.o
 .debug_frame   0x000000000000136c      0x150 ./Middlewares/ST/STM32_USB_Device_Library/Class/HID/Src/usbd_hid.o
 .debug_frame   0x00000000000014bc      0x290 ./Middlewares/ST/STM32_USB_Device_Library/Core/Src/usbd_core.o
 .debug_frame   0x000000000000174c      0x1d8 ./Middlewares/ST/STM32_USB_Device_Library/Core/Src/usbd_ctlreq.o
 .debug_frame   0x0000000000001924       0xf0 ./Middlewares/ST/STM32_USB_Device_Library/Core/Src/usbd_ioreq.o
 .debug_frame   0x0000000000001a14       0x2c ./USB_DEVICE/App/usb_device.o
 .debug_frame   0x0000000000001a40      0x130 ./USB_DEVICE/App/usbd_desc.o
 .debug_frame   0x0000000000001b70      0x438 ./USB_DEVICE/Target/usbd_conf.o
 .debug_frame   0x0000000000001fa8       0x2c c:/st/stm32cubeide_1.11.0/stm32cubeide/plugins/com.st.stm32cube.ide.mcu.externaltools.gnu-tools-for-stm32.10.3-2021.10.win32_1.0.100.202210260954/tools/bin/../lib/gcc/arm-none-eabi/10.3.1/../../../../arm-none-eabi/lib/thumb/v6-m/nofp\libc_nano.a(lib_a-init.o)
 .debug_frame   0x0000000000001fd4       0x20 c:/st/stm32cubeide_1.11.0/stm32cubeide/plugins/com.st.stm32cube.ide.mcu.externaltools.gnu-tools-for-stm32.10.3-2021.10.win32_1.0.100.202210260954/tools/bin/../lib/gcc/arm-none-eabi/10.3.1/../../../../arm-none-eabi/lib/thumb/v6-m/nofp\libc_nano.a(lib_a-memset.o)
 .debug_frame   0x0000000000001ff4       0x20 c:/st/stm32cubeide_1.11.0/stm32cubeide/plugins/com.st.stm32cube.ide.mcu.externaltools.gnu-tools-for-stm32.10.3-2021.10.win32_1.0.100.202210260954/tools/bin/../lib/gcc/arm-none-eabi/10.3.1/thumb/v6-m/nofp\libgcc.a(_udivsi3.o)
